Archive member included because of file (symbol)

d:/devkitPro/libnds/lib\libfat.a(fatdir_ex.o)
                              gbaldr.o (dirnextl)
d:/devkitPro/libnds/lib\libfat.a(libfat.o)
                              main.o (fatInitDefault)
d:/devkitPro/libnds/lib\libfat.a(partition.o)
                              d:/devkitPro/libnds/lib\libfat.a(libfat.o) (_FAT_partition_setDefaultInterface)
d:/devkitPro/libnds/lib\libfat.a(disc.o)
                              d:/devkitPro/libnds/lib\libfat.a(partition.o) (_FAT_disc_findInterface)
d:/devkitPro/libnds/lib\libfat.a(io_dldi.o)
                              main.o (_io_dldi)
d:/devkitPro/libnds/lib\libfat.a(cache.o)
                              d:/devkitPro/libnds/lib\libfat.a(fatdir_ex.o) (_FAT_cache_flush)
d:/devkitPro/libnds/lib\libfat.a(directory.o)
                              d:/devkitPro/libnds/lib\libfat.a(fatdir_ex.o) (_FAT_directory_entryGetCluster)
d:/devkitPro/libnds/lib\libfat.a(fatdir.o)
                              d:/devkitPro/libnds/lib\libfat.a(libfat.o) (_FAT_link_r)
d:/devkitPro/libnds/lib\libfat.a(fatfile.o)
                              d:/devkitPro/libnds/lib\libfat.a(libfat.o) (_FAT_fstat_r)
d:/devkitPro/libnds/lib\libfat.a(file_allocation_table.o)
                              d:/devkitPro/libnds/lib\libfat.a(directory.o) (_FAT_fat_nextCluster)
d:/devkitPro/libnds/lib\libfat.a(filetime.o)
                              d:/devkitPro/libnds/lib\libfat.a(directory.o) (_FAT_filetime_to_time_t)
d:/devkitPro/libnds/lib\libnds9.a(initSystem.o)
                              d:/devkitpro/devkitarm/bin/../lib/gcc/arm-eabi/4.1.2/../../../../arm-eabi/lib/thumb/ds_arm9_crt0.o (initSystem)
d:/devkitPro/libnds/lib\libnds9.a(keys.o)
                              main.o (keysHeld)
d:/devkitPro/libnds/lib\libnds9.a(video.o)
                              main.o (vramSetMainBanks)
d:/devkitPro/libnds/lib\libnds9.a(interrupts.o)
                              main.o (irqSet)
d:/devkitPro/libnds/lib\libnds9.a(biosCalls.o)
                              memcleaner.o (swiWaitForVBlank)
d:/devkitPro/libnds/lib\libnds9.a(interruptDispatcher.o)
                              d:/devkitPro/libnds/lib\libnds9.a(interrupts.o) (IntrMain)
d:/devkitpro/devkitarm/bin/../lib/gcc/arm-eabi/4.1.2/thumb\libgcc.a(_udivsi3.o)
                              gba_patch.o (__aeabi_uidiv)
d:/devkitpro/devkitarm/bin/../lib/gcc/arm-eabi/4.1.2/thumb\libgcc.a(_divsi3.o)
                              d:/devkitPro/libnds/lib\libfat.a(directory.o) (__aeabi_idiv)
d:/devkitpro/devkitarm/bin/../lib/gcc/arm-eabi/4.1.2/thumb\libgcc.a(_dvmd_tls.o)
                              d:/devkitpro/devkitarm/bin/../lib/gcc/arm-eabi/4.1.2/thumb\libgcc.a(_udivsi3.o) (__div0)
d:/devkitpro/devkitarm/bin/../lib/gcc/arm-eabi/4.1.2/thumb\libgcc.a(_addsubdf3.o)
                              main.o (__aeabi_f2d)
d:/devkitpro/devkitarm/bin/../lib/gcc/arm-eabi/4.1.2/thumb\libgcc.a(_addsubsf3.o)
                              main.o (__aeabi_fadd)
d:/devkitpro/devkitarm/bin/../lib/gcc/arm-eabi/4.1.2/thumb\libgcc.a(_muldivsf3.o)
                              main.o (__aeabi_fmul)
d:/devkitpro/devkitarm/bin/../lib/gcc/arm-eabi/4.1.2/../../../../arm-eabi/lib/thumb\libg.a(lib_a-ctype_.o)
                              unicode.o (__ctype_ptr)
d:/devkitpro/devkitarm/bin/../lib/gcc/arm-eabi/4.1.2/../../../../arm-eabi/lib/thumb\libg.a(lib_a-errno.o)
                              d:/devkitPro/libnds/lib\libfat.a(fatdir_ex.o) (__errno)
d:/devkitpro/devkitarm/bin/../lib/gcc/arm-eabi/4.1.2/../../../../arm-eabi/lib/thumb\libg.a(lib_a-fclose.o)
                              GBA_ini.o (fclose)
d:/devkitpro/devkitarm/bin/../lib/gcc/arm-eabi/4.1.2/../../../../arm-eabi/lib/thumb\libg.a(lib_a-fflush.o)
                              d:/devkitpro/devkitarm/bin/../lib/gcc/arm-eabi/4.1.2/../../../../arm-eabi/lib/thumb\libg.a(lib_a-fclose.o) (fflush)
d:/devkitpro/devkitarm/bin/../lib/gcc/arm-eabi/4.1.2/../../../../arm-eabi/lib/thumb\libg.a(lib_a-findfp.o)
                              d:/devkitpro/devkitarm/bin/../lib/gcc/arm-eabi/4.1.2/../../../../arm-eabi/lib/thumb\libg.a(lib_a-fclose.o) (__sfp_lock_acquire)
d:/devkitpro/devkitarm/bin/../lib/gcc/arm-eabi/4.1.2/../../../../arm-eabi/lib/thumb\libg.a(lib_a-fopen.o)
                              GBA_ini.o (fopen)
d:/devkitpro/devkitarm/bin/../lib/gcc/arm-eabi/4.1.2/../../../../arm-eabi/lib/thumb\libg.a(lib_a-fread.o)
                              GBA_ini.o (fread)
d:/devkitpro/devkitarm/bin/../lib/gcc/arm-eabi/4.1.2/../../../../arm-eabi/lib/thumb\libg.a(lib_a-freer.o)
                              d:/devkitpro/devkitarm/bin/../lib/gcc/arm-eabi/4.1.2/../../../../arm-eabi/lib/thumb\libg.a(lib_a-fclose.o) (_free_r)
d:/devkitpro/devkitarm/bin/../lib/gcc/arm-eabi/4.1.2/../../../../arm-eabi/lib/thumb\libg.a(lib_a-fseek.o)
[...]
Memory Configuration

Name             Origin             Length             Attributes
rom              0x08000000         0x02000000
ewram            0x02000000         0x003ff000
dtcm             0x0b000000         0x00004000
itcm             0x01000000         0x00008000
*default*        0x00000000         0xffffffff

Linker script and memory map

                0x01000000                __itcm_start = 0x1000000
                0x023ff000                __ewram_end = 0x23ff000
                0x023ff000                __eheap_end = 0x23ff000
                0x0b000000                __dtcm_start = 0xb000000
                0x0b004000                __dtcm_top = 0xb004000
                0x0b003ff8                __irq_flags = (__dtcm_top - 0x8)
                0x0b003ffc                __irq_vector = (__dtcm_top - 0x4)
                0x0b003f00                __sp_svc = (__dtcm_top - 0x100)
                0x0b003e00                __sp_irq = (__sp_svc - 0x100)
                0x0b003d00                __sp_usr = (__sp_irq - 0x100)

.init           0x02000000      0x2dc
                0x02000000                __text_start = .
 *(.init)
 .init          0x02000000      0x2d0 d:/devkitpro/devkitarm/bin/../lib/gcc/arm-eabi/4.1.2/../../../../arm-eabi/lib/thumb/ds_arm9_crt0.o
                0x02000000                _start
 .init          0x020002d0        0x4 d:/devkitpro/devkitarm/bin/../lib/gcc/arm-eabi/4.1.2/thumb/crti.o
                0x020002d0                _init
 .init          0x020002d4        0x8 d:/devkitpro/devkitarm/bin/../lib/gcc/arm-eabi/4.1.2/thumb/crtn.o
                0x020002dc                . = ALIGN (0x4)

.plt
 *(.plt)

.text           0x02000300    0x1df90
 *(EXCLUDE_FILE(*.itcm*) .text)
 .text          0x02000300        0x0 d:/devkitpro/devkitarm/bin/../lib/gcc/arm-eabi/4.1.2/../../../../arm-eabi/lib/thumb/ds_arm9_crt0.o
 .text          0x02000300        0x0 d:/devkitpro/devkitarm/bin/../lib/gcc/arm-eabi/4.1.2/thumb/crti.o
 .text          0x02000300       0x70 d:/devkitpro/devkitarm/bin/../lib/gcc/arm-eabi/4.1.2/thumb/crtbegin.o
 .text          0x02000370        0x0 shinonome.bin.o
 .text          0x02000370        0x0 shinonomeank.bin.o
 .text          0x02000370        0x0 unicode_ank.bin.o
 .text          0x02000370        0x0 unicode_l2u.bin.o
 .text          0x02000370        0x0 unicode_u2l.bin.o
 .text          0x02000370      0x334 GBA_ini.o
                0x02000370                GBA_ini
 .text          0x020006a4       0xec ctrl_tbl.o
                0x020006a4                ctrl_set
                0x02000714                ctrl_get
 .text          0x02000790      0x7f0 dsCard.o
                0x020009b8                chip_reset
                0x02000844                SetRampage
                0x020007cc                CloseNorWrite
                0x02000d2c                WriteNorFlash
                0x02000808                SetRompage
                0x0200087c                SetSerialMode
                0x02000e84                WriteSram
                0x020008bc                ReadNorFlashID
                0x02000ec4                OpenRamWrite
                0x02000ea4                ReadSram
                0x020009f0                Block_Erase
                0x02000f04                CloseRamWrite
                0x02000f44                SetShake
                0x02000d08                ReadNorFlash
                0x02000790                OpenNorWrite
 .text          0x02000f80     0x24a4 gba_patch.o
                0x02001c88                gba_check_Ram2
                0x02001f44                gba_patch
                0x0200329c                gba_check_Ram1
                0x020025b8                gba_patch_Ram
                0x02002cbc                gba_check_int
                0x02002f3c                gba_check
 .text          0x02003424     0x16b8 gbaldr.o
                0x02003424                SetEWINRam
                0x02003fbc                setcurpath
                0x020039c0                Close_M3
                0x02003c04                FileListGBA
                0x02003acc                _WritePSram
                0x02003a50                getGBAmode
                0x020049ec                checkSRAM_cnf
                0x020041d4                writeFileToRam
                0x02003a74                checkBackup
                0x02004568                writeSramToFile
                0x02004410                SRAMdump
                0x02004798                writeFileToNor
                0x02004a44                checkFlashID
                0x02003b28                QSort
                0x02003618                SetM3Ram
                0x02003f14                _RamSave
                0x02003f74                _RamPG
                0x02003484                cehck_EWIN
                0x02003af0                getcurpath
                0x020035cc                Close_EWIN
                0x020039d4                cehck_M3
                0x0200409c                writeSramFromFile
                0x020036dc                _set_M3
                0x02003aa8                _ReadPSram
                0x02003a30                setGBAmode
                0x02003fe8                blankSRAM
                0x02004658                checkSRAM
 .text          0x02004adc       0xb0 header_rep.o
                0x02004b0c                header_rep
                0x02004adc                _comple(unsigned char*, unsigned long, unsigned long)
 .text          0x02004b8c      0x128 memcleaner.o
                0x02004b8c                resetARM9Memory
 .text          0x02004cb4      0x224 message.o
                0x02004e48                jstrncpy
                0x02004cb4                setLangMsg
 .text          0x02004ed8      0x390 skin.o
                0x02004f00                LoadSkin
 .text          0x02005268     0x10b4 tarosa_Graphic.o
                0x020052f8                ClearBG_SUB
                0x0200581c                PicLoadMS
                0x02005af8                minPaletCode
                0x02005650                ScRLnDot_SUB
                0x02005268                Pixel
                0x020057bc                ScRl8Dot
                0x02005a04                DrawBox_SUB
                0x02006118                ColorSwap
                0x02005b48                Point_SUB
                0x0200622c                ScRLnDot
                0x02005c50                PicLoadSSo
                0x02005470                Line_Sub
                0x02005364                Line
                0x02005abc                maxPaletCode
                0x02005958                DrawBox
                0x020061cc                ScRl8Dot_SUB
                0x02005ebc                PicLoadMSo
                0x02005290                Pixel_SUB
                0x02005338                ClearBG
                0x02005570                ScreenCopy
                0x02005e98                Point
                0x020058b8                PicLoadSS
                0x02005b9c                ColorSwap_SUB
 .text          0x0200631c     0x20a4 tarosa_Shinofont.o
                0x02007424                ShinoPrint
                0x02006488                ShinoPrint_SUB
                0x0200631c                Sjis2Elisa
 .text          0x020083c0     0x1980 main.o
                0x02008ea4                gba_frame
                0x02008424                _dsp_clear
                0x020083c4                FIFOInit
                0x02008f20                gbaMode
                0x0200989c                mainloop
                0x02008fa4                turn_off
                0x020083d4                FIFOSend
                0x0200923c                err_cnf
                0x0200844c                rumble_cmd
                0x02009428                gba_sel
                0x020083e0                RamClear
                0x02009054                cnf_inp
                0x02009c30                main
                0x020083c0                Vblank
                0x020086e8                _gba_dsp
                0x02008958                _gba_sel_dsp
                0x02009020                inp_key
                0x02008c98                dsp_bar
 .text          0x02009d40      0x1a0 ret_menu9_Gen.o
                0x02009df0                ret_menu_chk
                0x02009d40                ret_menu9_Gen
 .text          0x02009ee0      0x4d4 save_sel.o
                0x02009ee0                _save_list
                0x0200a068                save_sel
 .text          0x0200a3b4      0x260 unicode.o
                0x0200a4b4                _FAT_unicode_unicode_to_local
                0x0200a400                _FAT_unicode_init_default
                0x0200a3b4                _FAT_unicode_init
                0x0200a5bc                _unistrchr
                0x0200a5d4                _uniisalnum
                0x0200a420                _FAT_unicode_local_to_unicode
                0x0200a564                _unistrncmp
                0x0200a538                _unistrnlen
 .text          0x0200a614       0xb8 linkreset_arm9.o
                0x0200a614                LinkReset_ARM9
 .text          0x0200a6cc      0x250 ret_menu9_Gens.o
                0x0200a6cc                ret_menu9_GENs
 .text          0x0200a91c       0x40 ret_menu9_R4.o
                0x0200a91c                ret_menu9_R4
 .text          0x0200a95c      0x210 d:/devkitPro/libnds/lib\libfat.a(fatdir_ex.o)
                0x0200a95c                renamex
                0x0200aae8                dirnextl
 .text          0x0200ab6c       0x90 d:/devkitPro/libnds/lib\libfat.a(libfat.o)
                0x0200ab6c                fatSetDefaultInterface
                0x0200ab90                fatMountCustomInterface
                0x0200ab78                fatUnsafeUnmount
                0x0200ab9c                fatMountNormalInterface
                0x0200ab84                fatUnmount
                0x0200abec                fatInitDefault
                0x0200aba8                fatInit
 .text          0x0200abfc      0x528 d:/devkitPro/libnds/lib\libfat.a(partition.o)
                0x0200af88                _FAT_partition_getPartitionFromPath
                0x0200ac20                _FAT_partition_setDefaultPartition
                0x0200af28                _FAT_partition_mountCustomInterface
                0x0200b064                _FAT_partition_unmount
                0x0200aec8                _FAT_partition_freeMount
                0x0200b0c0                _FAT_partition_mount
                0x0200abfc                _FAT_partition_setDefaultInterface
                0x0200b004                _FAT_partition_unsafeUnmount
 .text          0x0200b124       0x90 d:/devkitPro/libnds/lib\libfat.a(disc.o)
                0x0200b18c                _FAT_disc_findInterface
                0x0200b158                _FAT_disc_dsSlotFindInterface
                0x0200b124                _FAT_disc_gbaSlotFindInterface
 *fill*         0x0200b1b4        0xc ff
 .text          0x0200b1c0     0x8000 d:/devkitPro/libnds/lib\libfat.a(io_dldi.o)
                0x0200b220                _io_dldi
 .text          0x020131c0      0x2c0 d:/devkitPro/libnds/lib\libfat.a(cache.o)
                0x02013288                _FAT_cache_flush
                0x02013360                _FAT_cache_writePartialSector
                0x020132d8                _FAT_cache_invalidate
                0x020133e8                _FAT_cache_destructor
                0x02013404                _FAT_cache_constructor
                0x020133ac                _FAT_cache_readPartialSector
                0x020132fc                _FAT_cache_eraseWritePartialSector
 .text          0x02013480     0x1060 d:/devkitPro/libnds/lib\libfat.a(directory.o)
                0x02013c30                _FAT_directory_chdir
                0x020134b0                strupr_sjis
                0x02013e3c                _FAT_directory_entryStat
                0x0201390c                _FAT_directory_isValidAlias
                0x02013d7c                _FAT_directory_removeEntry
                0x0201357c                _FAT_directory_getRootEntry
                0x02013c68                _FAT_directory_entryFromPosition
                0x02013648                _FAT_directory_getNextEntry
                0x0201383c                _FAT_directory_getFirstEntry
                0x020139c0                _FAT_directory_isValidLfn
                0x02013564                _FAT_directory_entryGetCluster
                0x02013f08                _FAT_directory_addEntry
                0x02013a24                _FAT_directory_entryFromPath
 .text          0x020144e0      0x7a4 d:/devkitPro/libnds/lib\libfat.a(fatdir.o)
                0x02014598                _FAT_stat_r
                0x020144fc                _FAT_dirnext_r
                0x02014688                _FAT_unlink_r
                0x02014884                _FAT_rename_r
                0x020144e0                _FAT_link_r
                0x020144ec                _FAT_dirclose_r
                0x02014618                _FAT_chdir_r
                0x02014564                _FAT_dirreset_r
                0x020147d4                _FAT_diropen_r
                0x02014a04                _FAT_mkdir_r
 .text          0x02014c84      0xc68 d:/devkitPro/libnds/lib\libfat.a(fatfile.o)
                0x02015410                _FAT_write_r
                0x02014cfc                _FAT_seek_r
                0x020151c8                _FAT_read_r
                0x02014f40                _FAT_open_r
                0x02014e60                _FAT_close_r
                0x02014c84                _FAT_fstat_r
 .text          0x020158ec      0x398 d:/devkitPro/libnds/lib\libfat.a(file_allocation_table.o)
                0x02015b48                _FAT_fat_clearLinks
                0x020158ec                _FAT_fat_nextCluster
                0x02015c1c                _FAT_fat_linkFreeClusterCleared
                0x02015b98                _FAT_fat_linkFreeCluster
                0x020159d4                _FAT_fat_lastCluster
 .text          0x02015c84       0xcc d:/devkitPro/libnds/lib\libfat.a(filetime.o)
                0x02015cc0                _FAT_filetime_getDateFromRTC
                0x02015c84                _FAT_filetime_to_time_t
                0x02015d04                _FAT_filetime_getTimeFromRTC
 .text          0x02015d50      0x158 d:/devkitPro/libnds/lib\libnds9.a(initSystem.o)
                0x02015d50                initSystem
 .text          0x02015ea8      0x100 d:/devkitPro/libnds/lib\libnds9.a(keys.o)
                0x02015ed8                keysSetRepeat
                0x02015ec8                keysDownRepeat
                0x02015ea8                keysHeld
                0x02015efc                keysUp
                0x02015eb4                keysDown
                0x02015f14                scanKeys
 .text          0x02015fa8      0x110 d:/devkitPro/libnds/lib\libnds9.a(video.o)
                0x02016068                vramSetBankF
                0x02015ff8                vramRestoreMainBanks
                0x02016090                vramSetBankH
                0x02016040                vramSetBankD
                0x02016054                vramSetBankE
                0x0201607c                vramSetBankG
                0x02015fec                vramRestorMainBanks
                0x02016018                vramSetBankB
                0x0201602c                vramSetBankC
                0x020160a4                vramSetBankI
                0x02015fa8                vramSetMainBanks
                0x02016004                vramSetBankA
 .text          0x020160b8      0x208 d:/devkitPro/libnds/lib\libnds9.a(interrupts.o)
                0x02016220                irqEnable
                0x020160bc                irqSet
                0x02016274                irqDisable
                0x02016124                irqInit
                0x020160b8                irqDummy
                0x020161f0                irqInitHandler
                0x02016170                irqClear
 .text          0x020162c0       0x70 d:/devkitPro/libnds/lib\libnds9.a(biosCalls.o)
                0x020162d0                swiSleep
                0x0201630a                swiDecompressLZSSVram
                0x020162f2                swiFastCopy
                0x020162f6                swiSqrt
                0x020162c0                swiSoftReset
                0x020162fa                swiCRC16
                0x0201630e                swiDecompressHuffman
                0x02016326                swiSetHaltCR
                0x020162dc                swiRemainder
                0x02016302                swiUnpackBits
                0x02016306                swiDecompressLZSSWram
                0x02016322                swiDecodeDelta16
                0x020162c4                swiDelay
                0x020162e2                swiDivMod
                0x02016316                swiDecompressRLEVram
                0x02016312                swiDecompressRLEWram
                0x0201631e                swiDecodeDelta8
                0x020162d8                swiDivide
                0x020162d4                swiChangeSoundBias
                0x020162cc                swiWaitForVBlank
                0x020162c8                swiIntrWait
                0x020162fe                swiIsDebugger
                0x0201631a                swiWaitForIRQ
                0x020162ee                swiCopy
 .text          0x02016330        0x0 d:/devkitPro/libnds/lib\libnds9.a(interruptDispatcher.o)
 .text          0x02016330       0x8c d:/devkitpro/devkitarm/bin/../lib/gcc/arm-eabi/4.1.2/thumb\libgcc.a(_udivsi3.o)
                0x02016330                __udivsi3
                0x02016330                __aeabi_uidiv
                0x020163ac                __aeabi_uidivmod
 .text          0x020163bc       0xa4 d:/devkitpro/devkitarm/bin/../lib/gcc/arm-eabi/4.1.2/thumb\libgcc.a(_divsi3.o)
                0x020163bc                __aeabi_idiv
                0x020163bc                __divsi3
                0x02016450                __aeabi_idivmod
 .text          0x02016460        0x4 d:/devkitpro/devkitarm/bin/../lib/gcc/arm-eabi/4.1.2/thumb\libgcc.a(_dvmd_tls.o)
                0x02016460                __aeabi_ldiv0
                0x02016460                __div0
                0x02016460                __aeabi_idiv0
 .text          0x02016464      0x41c d:/devkitpro/devkitarm/bin/../lib/gcc/arm-eabi/4.1.2/thumb\libgcc.a(_addsubdf3.o)
                0x02016820                __floatdidf
                0x020167a4                __floatsidf
                0x02016780                __aeabi_ui2d
                0x02016464                __aeabi_drsub
                0x020167cc                __extendsfdf2
                0x02016470                __adddf3
                0x02016780                __floatunsidf
                0x02016470                __aeabi_dadd
                0x0201680c                __aeabi_ul2d
                0x0201646c                __aeabi_dsub
                0x0201680c                __floatundidf
                0x020167a4                __aeabi_i2d
                0x02016820                __aeabi_l2d
                0x020167cc                __aeabi_f2d
                0x0201646c                __subdf3
 .text          0x02016880      0x2ac d:/devkitpro/devkitarm/bin/../lib/gcc/arm-eabi/4.1.2/thumb\libgcc.a(_addsubsf3.o)
                0x0201688c                __aeabi_fadd
                0x02016888                __subsf3
                0x02016a50                __aeabi_i2f
                0x02016888                __aeabi_fsub
                0x02016a80                __floatdisf
                0x02016a50                __floatsisf
                0x02016a70                __floatundisf
                0x02016a48                __aeabi_ui2f
                0x02016a80                __aeabi_l2f
                0x02016a70                __aeabi_ul2f
                0x02016880                __aeabi_frsub
                0x02016a48                __floatunsisf
                0x0201688c                __addsf3
 .text          0x02016b2c      0x2f8 d:/devkitpro/devkitarm/bin/../lib/gcc/arm-eabi/4.1.2/thumb\libgcc.a(_muldivsf3.o)
                0x02016cc4                __divsf3
                0x02016cc4                __aeabi_fdiv
                0x02016b2c                __mulsf3
                0x02016b2c                __aeabi_fmul
 .text          0x02016e24        0x0 d:/devkitpro/devkitarm/bin/../lib/gcc/arm-eabi/4.1.2/../../../../arm-eabi/lib/thumb\libg.a(lib_a-ctype_.o)
 .text          0x02016e24        0xc d:/devkitpro/devkitarm/bin/../lib/gcc/arm-eabi/4.1.2/../../../../arm-eabi/lib/thumb\libg.a(lib_a-errno.o)
                0x02016e24                __errno
 .text          0x02016e30       0xc4 d:/devkitpro/devkitarm/bin/../lib/gcc/arm-eabi/4.1.2/../../../../arm-eabi/lib/thumb\libg.a(lib_a-fclose.o)
                0x02016e30                _fclose_r
                0x02016ed8                fclose
 .text          0x02016ef4      0x10c d:/devkitpro/devkitarm/bin/../lib/gcc/arm-eabi/4.1.2/../../../../arm-eabi/lib/thumb\libg.a(lib_a-fflush.o)
                0x02016ef4                fflush
 .text          0x02017000      0x1cc d:/devkitpro/devkitarm/bin/../lib/gcc/arm-eabi/4.1.2/../../../../arm-eabi/lib/thumb\libg.a(lib_a-findfp.o)
                0x02017048                __sinit
                0x02017110                __sfmoreglue
                0x020170f8                _cleanup
                0x020170e4                _cleanup_r
                0x020170c8                __fp_lock_all
                0x02017038                __sfp_lock_acquire
                0x02017148                __sfp
                0x02017044                __sinit_lock_release
                0x020170ac                __fp_unlock_all
                0x0201703c                __sfp_lock_release
                0x02017040                __sinit_lock_acquire
 .text          0x020171cc       0xa4 d:/devkitpro/devkitarm/bin/../lib/gcc/arm-eabi/4.1.2/../../../../arm-eabi/lib/thumb\libg.a(lib_a-fopen.o)
                0x02017254                fopen
                0x020171cc                _fopen_r
 .text          0x02017270      0x170 d:/devkitpro/devkitarm/bin/../lib/gcc/arm-eabi/4.1.2/../../../../arm-eabi/lib/thumb\libg.a(lib_a-fread.o)
                0x020173b8                fread
                0x02017270                _fread_r
 .text          0x020173e0      0x270 d:/devkitpro/devkitarm/bin/../lib/gcc/arm-eabi/4.1.2/../../../../arm-eabi/lib/thumb\libg.a(lib_a-freer.o)
                0x02017484                _free_r
                0x020173e0                _malloc_trim_r
 .text          0x02017650      0x314 d:/devkitpro/devkitarm/bin/../lib/gcc/arm-eabi/4.1.2/../../../../arm-eabi/lib/thumb\libg.a(lib_a-fseek.o)
                0x0201793c                fseek
                0x02017650                _fseek_r
 .text          0x02017964       0x94 d:/devkitpro/devkitarm/bin/../lib/gcc/arm-eabi/4.1.2/../../../../arm-eabi/lib/thumb\libg.a(lib_a-ftell.o)
                0x020179dc                ftell
                0x02017964                _ftell_r
 .text          0x020179f8       0xd4 d:/devkitpro/devkitarm/bin/../lib/gcc/arm-eabi/4.1.2/../../../../arm-eabi/lib/thumb\libg.a(lib_a-fwalk.o)
                0x02017a64                _fwalk
                0x020179f8                _fwalk_reent
 .text          0x02017acc       0x78 d:/devkitpro/devkitarm/bin/../lib/gcc/arm-eabi/4.1.2/../../../../arm-eabi/lib/thumb\libg.a(lib_a-fwrite.o)
                0x02017acc                _fwrite_r
                0x02017b1c                fwrite
 .text          0x02017b44       0x18 d:/devkitpro/devkitarm/bin/../lib/gcc/arm-eabi/4.1.2/../../../../arm-eabi/lib/thumb\libg.a(lib_a-gmtime.o)
                0x02017b44                gmtime
 .text          0x02017b5c       0x10 d:/devkitpro/devkitarm/bin/../lib/gcc/arm-eabi/4.1.2/../../../../arm-eabi/lib/thumb\libg.a(lib_a-gmtime_r.o)
                0x02017b5c                gmtime_r
 .text          0x02017b6c        0x0 d:/devkitpro/devkitarm/bin/../lib/gcc/arm-eabi/4.1.2/../../../../arm-eabi/lib/thumb\libg.a(lib_a-impure.o)
 .text          0x02017b6c       0x88 d:/devkitpro/devkitarm/bin/../lib/gcc/arm-eabi/4.1.2/../../../../arm-eabi/lib/thumb\libg.a(lib_a-init.o)
                0x02017b9c                __libc_init_array
                0x02017b6c                __libc_fini_array
 .text          0x02017bf4       0xe4 d:/devkitpro/devkitarm/bin/../lib/gcc/arm-eabi/4.1.2/../../../../arm-eabi/lib/thumb\libg.a(lib_a-makebuf.o)
                0x02017bf4                __smakebuf
 .text          0x02017cd8       0x30 d:/devkitpro/devkitarm/bin/../lib/gcc/arm-eabi/4.1.2/../../../../arm-eabi/lib/thumb\libg.a(lib_a-malloc.o)
                0x02017cf0                malloc
                0x02017cd8                free
 .text          0x02017d08      0x548 d:/devkitpro/devkitarm/bin/../lib/gcc/arm-eabi/4.1.2/../../../../arm-eabi/lib/thumb\libg.a(lib_a-mallocr.o)
                0x02017d08                _malloc_r
 .text          0x02018250       0x5c d:/devkitpro/devkitarm/bin/../lib/gcc/arm-eabi/4.1.2/../../../../arm-eabi/lib/thumb\libg.a(lib_a-memcpy.o)
                0x02018250                memcpy
 .text          0x020182ac       0x84 d:/devkitpro/devkitarm/bin/../lib/gcc/arm-eabi/4.1.2/../../../../arm-eabi/lib/thumb\libg.a(lib_a-memmove.o)
                0x020182ac                memmove
 .text          0x02018330       0x60 d:/devkitpro/devkitarm/bin/../lib/gcc/arm-eabi/4.1.2/../../../../arm-eabi/lib/thumb\libg.a(lib_a-memset.o)
                0x02018330                memset
 .text          0x02018390      0x450 d:/devkitpro/devkitarm/bin/../lib/gcc/arm-eabi/4.1.2/../../../../arm-eabi/lib/thumb\libg.a(lib_a-mktime.o)
                0x0201857c                mktime
 .text          0x020187e0      0x4e4 d:/devkitpro/devkitarm/bin/../lib/gcc/arm-eabi/4.1.2/../../../../arm-eabi/lib/thumb\libg.a(lib_a-mktm_r.o)
                0x020187e0                __tzcalc_limits
                0x02018978                _mktm_r
 .text          0x02018cc4        0x8 d:/devkitpro/devkitarm/bin/../lib/gcc/arm-eabi/4.1.2/../../../../arm-eabi/lib/thumb\libg.a(lib_a-mlock.o)
                0x02018cc8                __malloc_unlock
                0x02018cc4                __malloc_lock
 .text          0x02018ccc      0x124 d:/devkitpro/devkitarm/bin/../lib/gcc/arm-eabi/4.1.2/../../../../arm-eabi/lib/thumb\libg.a(lib_a-refill.o)
                0x02018ce8                __srefill_r
 .text          0x02018df0       0x84 d:/devkitpro/devkitarm/bin/../lib/gcc/arm-eabi/4.1.2/../../../../arm-eabi/lib/thumb\libg.a(lib_a-sprintf.o)
                0x02018e34                _sprintf_r
                0x02018df0                sprintf
 .text          0x02018e74       0xe0 d:/devkitpro/devkitarm/bin/../lib/gcc/arm-eabi/4.1.2/../../../../arm-eabi/lib/thumb\libg.a(lib_a-stdio.o)
                0x02018e90                __sseek
                0x02018f18                __sread
                0x02018e74                __sclose
                0x02018ed0                __swrite
 .text          0x02018f54       0x88 d:/devkitpro/devkitarm/bin/../lib/gcc/arm-eabi/4.1.2/../../../../arm-eabi/lib/thumb\libg.a(lib_a-strcasecmp.o)
                0x02018f54                strcasecmp
 .text          0x02018fdc       0x58 d:/devkitpro/devkitarm/bin/../lib/gcc/arm-eabi/4.1.2/../../../../arm-eabi/lib/thumb\libg.a(lib_a-strcat.o)
                0x02018fdc                strcat
 .text          0x02019034       0x7c d:/devkitpro/devkitarm/bin/../lib/gcc/arm-eabi/4.1.2/../../../../arm-eabi/lib/thumb\libg.a(lib_a-strchr.o)
                0x02019034                strchr
 .text          0x020190b0       0x68 d:/devkitpro/devkitarm/bin/../lib/gcc/arm-eabi/4.1.2/../../../../arm-eabi/lib/thumb\libg.a(lib_a-strcmp.o)
                0x020190b0                strcmp
 .text          0x02019118       0x50 d:/devkitpro/devkitarm/bin/../lib/gcc/arm-eabi/4.1.2/../../../../arm-eabi/lib/thumb\libg.a(lib_a-strcpy.o)
                0x02019118                strcpy
 .text          0x02019168       0x50 d:/devkitpro/devkitarm/bin/../lib/gcc/arm-eabi/4.1.2/../../../../arm-eabi/lib/thumb\libg.a(lib_a-strlen.o)
                0x02019168                strlen
 .text          0x020191b8       0xbc d:/devkitpro/devkitarm/bin/../lib/gcc/arm-eabi/4.1.2/../../../../arm-eabi/lib/thumb\libg.a(lib_a-strncasecmp.o)
                0x020191b8                strncasecmp
 .text          0x02019274       0x94 d:/devkitpro/devkitarm/bin/../lib/gcc/arm-eabi/4.1.2/../../../../arm-eabi/lib/thumb\libg.a(lib_a-strncmp.o)
                0x02019274                strncmp
 .text          0x02019308       0x6c d:/devkitpro/devkitarm/bin/../lib/gcc/arm-eabi/4.1.2/../../../../arm-eabi/lib/thumb\libg.a(lib_a-strncpy.o)
                0x02019308                strncpy
 .text          0x02019374       0x28 d:/devkitpro/devkitarm/bin/../lib/gcc/arm-eabi/4.1.2/../../../../arm-eabi/lib/thumb\libg.a(lib_a-strnlen.o)
                0x02019374                strnlen
 .text          0x0201939c       0x34 d:/devkitpro/devkitarm/bin/../lib/gcc/arm-eabi/4.1.2/../../../../arm-eabi/lib/thumb\libg.a(lib_a-strrchr.o)
                0x0201939c                strrchr
 .text          0x020193d0       0x1c d:/devkitpro/devkitarm/bin/../lib/gcc/arm-eabi/4.1.2/../../../../arm-eabi/lib/thumb\libg.a(lib_a-sysstat.o)
                0x020193d0                stat
 .text          0x020193ec        0x8 d:/devkitpro/devkitarm/bin/../lib/gcc/arm-eabi/4.1.2/../../../../arm-eabi/lib/thumb\libg.a(lib_a-tzlock.o)
                0x020193f0                __tz_unlock
                0x020193ec                __tz_lock
 .text          0x020193f4        0x0 d:/devkitpro/devkitarm/bin/../lib/gcc/arm-eabi/4.1.2/../../../../arm-eabi/lib/thumb\libg.a(lib_a-tzvars.o)
 *fill*         0x020193f4        0x4 ff
 .text          0x020193f8     0x18d8 d:/devkitpro/devkitarm/bin/../lib/gcc/arm-eabi/4.1.2/../../../../arm-eabi/lib/thumb\libg.a(lib_a-vfprintf.o)
                0x02019418                _vfprintf_r
                0x0201acac                vfprintf
 .text          0x0201acd0       0x58 d:/devkitpro/devkitarm/bin/../lib/gcc/arm-eabi/4.1.2/../../../../arm-eabi/lib/thumb\libg.a(lib_a-wcrtomb.o)
                0x0201acd0                _wcrtomb_r
                0x0201ad04                wcrtomb
 .text          0x0201ad28      0x104 d:/devkitpro/devkitarm/bin/../lib/gcc/arm-eabi/4.1.2/../../../../arm-eabi/lib/thumb\libg.a(lib_a-wcsrtombs.o)
                0x0201ad28                _wcsrtombs_r
                0x0201ae04                wcsrtombs
 .text          0x0201ae2c      0x2c8 d:/devkitpro/devkitarm/bin/../lib/gcc/arm-eabi/4.1.2/../../../../arm-eabi/lib/thumb\libg.a(lib_a-wctomb_r.o)
                0x0201ae2c                _wctomb_r
 .text          0x0201b0f4       0xb0 d:/devkitpro/devkitarm/bin/../lib/gcc/arm-eabi/4.1.2/../../../../arm-eabi/lib/thumb\libg.a(lib_a-wsetup.o)
                0x0201b0f4                __swsetup
 .text          0x0201b1a4       0x40 d:/devkitpro/devkitarm/bin/../lib/gcc/arm-eabi/4.1.2/../../../../arm-eabi/lib/thumb\libg.a(lib_a-div.o)
                0x0201b1a4                div
 *fill*         0x0201b1e4        0x4 ff
 .text          0x0201b1e8      0xf40 d:/devkitpro/devkitarm/bin/../lib/gcc/arm-eabi/4.1.2/../../../../arm-eabi/lib/thumb\libg.a(lib_a-dtoa.o)
                0x0201b338                _dtoa_r
 .text          0x0201c128       0x60 d:/devkitpro/devkitarm/bin/../lib/gcc/arm-eabi/4.1.2/../../../../arm-eabi/lib/thumb\libg.a(lib_a-flags.o)
                0x0201c128                __sflags
 .text          0x0201c188      0x2bc d:/devkitpro/devkitarm/bin/../lib/gcc/arm-eabi/4.1.2/../../../../arm-eabi/lib/thumb\libg.a(lib_a-fvwrite.o)
                0x0201c188                __sfvwrite_r
 .text          0x0201c444        0x8 d:/devkitpro/devkitarm/bin/../lib/gcc/arm-eabi/4.1.2/../../../../arm-eabi/lib/thumb\libg.a(lib_a-gettzinfo.o)
                0x0201c444                __gettzinfo
 .text          0x0201c44c       0x90 d:/devkitpro/devkitarm/bin/../lib/gcc/arm-eabi/4.1.2/../../../../arm-eabi/lib/thumb\libg.a(lib_a-locale.o)
                0x0201c478                _setlocale_r
                0x0201c44c                __locale_charset
                0x0201c458                _localeconv_r
                0x0201c4c0                setlocale
                0x0201c460                localeconv
 .text          0x0201c4dc       0xb4 d:/devkitpro/devkitarm/bin/../lib/gcc/arm-eabi/4.1.2/../../../../arm-eabi/lib/thumb\libg.a(lib_a-memchr.o)
                0x0201c4dc                memchr
 .text          0x0201c590      0x980 d:/devkitpro/devkitarm/bin/../lib/gcc/arm-eabi/4.1.2/../../../../arm-eabi/lib/thumb\libg.a(lib_a-mprec.o)
                0x0201c81c                _mprec_log10
                0x0201c890                __any_on
                0x0201c8ec                _Balloc
                0x0201c7c8                __ratio
                0x0201cd1c                __i2b
                0x0201c700                __b2d
                0x0201ce6c                __s2b
                0x0201c670                __mcmp
                0x0201c5ac                __hi0bits
                0x0201cdd0                __pow5mult
                0x0201cb1c                __lshift
                0x0201cbcc                __multiply
                0x0201c94c                __d2b
                0x0201c85c                __copybits
                0x0201c6b0                __ulp
                0x0201ca30                __mdiff
                0x0201c600                __lo0bits
                0x0201cd34                __multadd
                0x0201c590                _Bfree
 .text          0x0201cf10      0x3d4 d:/devkitpro/devkitarm/bin/../lib/gcc/arm-eabi/4.1.2/../../../../arm-eabi/lib/thumb\libg.a(lib_a-reallocr.o)
                0x0201cf10                _realloc_r
 .text          0x0201d2e4       0x24 d:/devkitpro/devkitarm/bin/../lib/gcc/arm-eabi/4.1.2/../../../../arm-eabi/lib/thumb\libg.a(lib_a-s_isinfd.o)
                0x0201d2e4                __isinfd
 .text          0x0201d308       0x1c d:/devkitpro/devkitarm/bin/../lib/gcc/arm-eabi/4.1.2/../../../../arm-eabi/lib/thumb\libg.a(lib_a-s_isnand.o)
                0x0201d308                __isnand
 .text          0x0201d324       0x60 d:/devkitpro/devkitarm/bin/../lib/gcc/arm-eabi/4.1.2/../../../../arm-eabi/lib/thumb\libg.a(lib_a-callocr.o)
                0x0201d324                _calloc_r
 .text          0x0201d384      0x49c d:/devkitpro/devkitarm/bin/../lib/gcc/arm-eabi/4.1.2/thumb\libgcc.a(_muldivdf3.o)
                0x0201d614                __aeabi_ddiv
                0x0201d384                __aeabi_dmul
                0x0201d614                __divdf3
                0x0201d384                __muldf3
 .text          0x0201d820      0x140 d:/devkitpro/devkitarm/bin/../lib/gcc/arm-eabi/4.1.2/thumb\libgcc.a(_cmpdf2.o)
                0x0201d918                __aeabi_dcmple
                0x0201d830                __cmpdf2
                0x0201d830                __eqdf2
                0x0201d820                __gtdf2
                0x0201d8d0                __aeabi_cdcmple
                0x0201d8b4                __aeabi_cdrcmple
                0x0201d828                __ltdf2
                0x0201d900                __aeabi_dcmplt
                0x0201d828                __ledf2
                0x0201d948                __aeabi_dcmpgt
                0x0201d930                __aeabi_dcmpge
                0x0201d830                __nedf2
                0x0201d8e8                __aeabi_dcmpeq
                0x0201d8d0                __aeabi_cdcmpeq
                0x0201d820                __gedf2
 .text          0x0201d960       0x5c d:/devkitpro/devkitarm/bin/../lib/gcc/arm-eabi/4.1.2/thumb\libgcc.a(_fixdfsi.o)
                0x0201d960                __fixdfsi
                0x0201d960                __aeabi_d2iz
 .text          0x0201d9bc      0x120 d:/devkitpro/devkitarm/bin/../lib/gcc/arm-eabi/4.1.2/../../../../arm-eabi/lib/thumb\libsysbase.a(iosupport.o)
                0x0201dab0                RemoveDevice
                0x0201d9bc                setDefaultDevice
                0x0201d9d0                AddDevice
                0x0201da48                FindDevice
 .text          0x0201dadc       0x44 d:/devkitpro/devkitarm/bin/../lib/gcc/arm-eabi/4.1.2/../../../../arm-eabi/lib/thumb\libsysbase.a(close.o)
                0x0201dadc                _close_r
 .text          0x0201db20       0x44 d:/devkitpro/devkitarm/bin/../lib/gcc/arm-eabi/4.1.2/../../../../arm-eabi/lib/thumb\libsysbase.a(fstat.o)
                0x0201db20                _fstat_r
 .text          0x0201db64        0x4 d:/devkitpro/devkitarm/bin/../lib/gcc/arm-eabi/4.1.2/../../../../arm-eabi/lib/thumb\libsysbase.a(isatty.o)
                0x0201db64                isatty
 .text          0x0201db68       0x3c d:/devkitpro/devkitarm/bin/../lib/gcc/arm-eabi/4.1.2/../../../../arm-eabi/lib/thumb\libsysbase.a(lseek.o)
                0x0201db68                _lseek_r
 .text          0x0201dba4       0x9c d:/devkitpro/devkitarm/bin/../lib/gcc/arm-eabi/4.1.2/../../../../arm-eabi/lib/thumb\libsysbase.a(open.o)
                0x0201dba4                _open_r
 .text          0x0201dc40       0x44 d:/devkitpro/devkitarm/bin/../lib/gcc/arm-eabi/4.1.2/../../../../arm-eabi/lib/thumb\libsysbase.a(read.o)
                0x0201dc40                _read_r
 .text          0x0201dc84       0x5c d:/devkitpro/devkitarm/bin/../lib/gcc/arm-eabi/4.1.2/../../../../arm-eabi/lib/thumb\libsysbase.a(sbrk.o)
                0x0201dc84                _sbrk_r
 .text          0x0201dce0       0x40 d:/devkitpro/devkitarm/bin/../lib/gcc/arm-eabi/4.1.2/../../../../arm-eabi/lib/thumb\libsysbase.a(stat.o)
                0x0201dce0                _stat_r
 .text          0x0201dd20       0x4c d:/devkitpro/devkitarm/bin/../lib/gcc/arm-eabi/4.1.2/../../../../arm-eabi/lib/thumb\libsysbase.a(times.o)
                0x0201dd28                _gettimeofday_r
                0x0201dd20                _times_r
                0x0201dd54                _times
 .text          0x0201dd6c       0x44 d:/devkitpro/devkitarm/bin/../lib/gcc/arm-eabi/4.1.2/../../../../arm-eabi/lib/thumb\libsysbase.a(write.o)
                0x0201dd6c                _write_r
 .text          0x0201ddb0        0x0 d:/devkitpro/devkitarm/bin/../lib/gcc/arm-eabi/4.1.2/../../../../arm-eabi/lib/thumb\libsysbase.a(malloc_vars.o)
 .text          0x0201ddb0      0x278 d:/devkitpro/devkitarm/bin/../lib/gcc/arm-eabi/4.1.2/../../../../arm-eabi/lib/thumb\libsysbase.a(chdir.o)
                0x0201df2c                chdir
                0x0201ddb0                getcwd
                0x0201de00                _concatenate_path
 .text          0x0201e028       0x40 d:/devkitpro/devkitarm/bin/../lib/gcc/arm-eabi/4.1.2/../../../../arm-eabi/lib/thumb\libsysbase.a(mkdir.o)
                0x0201e028                mkdir
 .text          0x0201e068      0x154 d:/devkitpro/devkitarm/bin/../lib/gcc/arm-eabi/4.1.2/../../../../arm-eabi/lib/thumb\libsysbase.a(dir.o)
                0x0201e068                dirreset
                0x0201e0a0                dirnext
                0x0201e130                diropen
                0x0201e0e4                dirclose
 .text          0x0201e1bc       0x4c d:/devkitpro/devkitarm/bin/../lib/gcc/arm-eabi/4.1.2/../../../../arm-eabi/lib/thumb\libsysbase.a(build_argv.o)
                0x0201e1bc                build_argv
 .text          0x0201e208        0x0 d:/devkitpro/devkitarm/bin/../lib/gcc/arm-eabi/4.1.2/thumb/crtend.o
 .text          0x0201e208        0x0 d:/devkitpro/devkitarm/bin/../lib/gcc/arm-eabi/4.1.2/thumb/crtn.o
 *(.text.*)
 *(.stub)
 *(.gnu.warning)
 *(.gnu.linkonce.t*)
 *(.glue_7)
 .glue_7        0x0201e208        0x0 d:/devkitpro/devkitarm/bin/../lib/gcc/arm-eabi/4.1.2/../../../../arm-eabi/lib/thumb/ds_arm9_crt0.o
 .glue_7        0x0201e208        0x0 d:/devkitpro/devkitarm/bin/../lib/gcc/arm-eabi/4.1.2/thumb/crti.o
 .glue_7        0x0201e208        0x0 d:/devkitpro/devkitarm/bin/../lib/gcc/arm-eabi/4.1.2/thumb/crtbegin.o
 .glue_7        0x0201e208        0x0 shinonome.bin.o
 .glue_7        0x0201e208        0x0 shinonomeank.bin.o
 .glue_7        0x0201e208        0x0 unicode_ank.bin.o
 .glue_7        0x0201e208        0x0 unicode_l2u.bin.o
 .glue_7        0x0201e208        0x0 unicode_u2l.bin.o
 .glue_7        0x0201e208        0x0 GBA_ini.o
 .glue_7        0x0201e208        0x0 ctrl_tbl.o
 .glue_7        0x0201e208        0x0 dsCard.o
 .glue_7        0x0201e208        0x0 gba_patch.o
 .glue_7        0x0201e208        0x0 gbaldr.o
 .glue_7        0x0201e208        0x0 header_rep.o
 .glue_7        0x0201e208        0x0 memcleaner.o
 .glue_7        0x0201e208        0x0 message.o
 .glue_7        0x0201e208        0x0 skin.o
 .glue_7        0x0201e208        0x0 tarosa_Graphic.o
 .glue_7        0x0201e208        0x0 tarosa_Shinofont.o
 .glue_7        0x0201e208        0x0 main.o
 .glue_7        0x0201e208        0x0 ret_menu9_Gen.o
 .glue_7        0x0201e208        0x0 save_sel.o
 .glue_7        0x0201e208        0x0 unicode.o
 .glue_7        0x0201e208        0x0 linkreset_arm9.o
 .glue_7        0x0201e208        0x0 ret_menu9_Gens.o
 .glue_7        0x0201e208        0x0 ret_menu9_R4.o
 .glue_7        0x0201e208        0x0 d:/devkitPro/libnds/lib\libfat.a(fatdir_ex.o)
 .glue_7        0x0201e208        0x0 d:/devkitPro/libnds/lib\libfat.a(libfat.o)
 .glue_7        0x0201e208        0x0 d:/devkitPro/libnds/lib\libfat.a(partition.o)
 .glue_7        0x0201e208        0x0 d:/devkitPro/libnds/lib\libfat.a(disc.o)
 .glue_7        0x0201e208        0x0 d:/devkitPro/libnds/lib\libfat.a(io_dldi.o)
 .glue_7        0x0201e208        0x0 d:/devkitPro/libnds/lib\libfat.a(cache.o)
 .glue_7        0x0201e208        0x0 d:/devkitPro/libnds/lib\libfat.a(directory.o)
 .glue_7        0x0201e208        0x0 d:/devkitPro/libnds/lib\libfat.a(fatdir.o)
 .glue_7        0x0201e208        0x0 d:/devkitPro/libnds/lib\libfat.a(fatfile.o)
 .glue_7        0x0201e208        0x0 d:/devkitPro/libnds/lib\libfat.a(file_allocation_table.o)
 .glue_7        0x0201e208        0x0 d:/devkitPro/libnds/lib\libfat.a(filetime.o)
 .glue_7        0x0201e208        0x0 d:/devkitPro/libnds/lib\libnds9.a(initSystem.o)
 .glue_7        0x0201e208        0x0 d:/devkitPro/libnds/lib\libnds9.a(keys.o)
 .glue_7        0x0201e208        0x0 d:/devkitPro/libnds/lib\libnds9.a(video.o)
 .glue_7        0x0201e208        0x0 d:/devkitPro/libnds/lib\libnds9.a(interrupts.o)
 .glue_7        0x0201e208        0x0 d:/devkitPro/libnds/lib\libnds9.a(biosCalls.o)
 .glue_7        0x0201e208        0x0 d:/devkitPro/libnds/lib\libnds9.a(interruptDispatcher.o)
 .glue_7        0x0201e208        0x0 d:/devkitpro/devkitarm/bin/../lib/gcc/arm-eabi/4.1.2/thumb\libgcc.a(_udivsi3.o)
 .glue_7        0x0201e208        0x0 d:/devkitpro/devkitarm/bin/../lib/gcc/arm-eabi/4.1.2/thumb\libgcc.a(_divsi3.o)
 .glue_7        0x0201e208        0x0 d:/devkitpro/devkitarm/bin/../lib/gcc/arm-eabi/4.1.2/thumb\libgcc.a(_dvmd_tls.o)
 .glue_7        0x0201e208        0x0 d:/devkitpro/devkitarm/bin/../lib/gcc/arm-eabi/4.1.2/thumb\libgcc.a(_addsubdf3.o)
 .glue_7        0x0201e208        0x0 d:/devkitpro/devkitarm/bin/../lib/gcc/arm-eabi/4.1.2/thumb\libgcc.a(_addsubsf3.o)
 .glue_7        0x0201e208        0x0 d:/devkitpro/devkitarm/bin/../lib/gcc/arm-eabi/4.1.2/thumb\libgcc.a(_muldivsf3.o)
 .glue_7        0x0201e208        0x0 d:/devkitpro/devkitarm/bin/../lib/gcc/arm-eabi/4.1.2/../../../../arm-eabi/lib/thumb\libg.a(lib_a-ctype_.o)
 .glue_7        0x0201e208        0x0 d:/devkitpro/devkitarm/bin/../lib/gcc/arm-eabi/4.1.2/../../../../arm-eabi/lib/thumb\libg.a(lib_a-errno.o)
 .glue_7        0x0201e208        0x0 d:/devkitpro/devkitarm/bin/../lib/gcc/arm-eabi/4.1.2/../../../../arm-eabi/lib/thumb\libg.a(lib_a-fclose.o)
 .glue_7        0x0201e208        0x0 d:/devkitpro/devkitarm/bin/../lib/gcc/arm-eabi/4.1.2/../../../../arm-eabi/lib/thumb\libg.a(lib_a-fflush.o)
 .glue_7        0x0201e208        0x0 d:/devkitpro/devkitarm/bin/../lib/gcc/arm-eabi/4.1.2/../../../../arm-eabi/lib/thumb\libg.a(lib_a-findfp.o)
 .glue_7        0x0201e208        0x0 d:/devkitpro/devkitarm/bin/../lib/gcc/arm-eabi/4.1.2/../../../../arm-eabi/lib/thumb\libg.a(lib_a-fopen.o)
 .glue_7        0x0201e208        0x0 d:/devkitpro/devkitarm/bin/../lib/gcc/arm-eabi/4.1.2/../../../../arm-eabi/lib/thumb\libg.a(lib_a-fread.o)
 .glue_7        0x0201e208        0x0 d:/devkitpro/devkitarm/bin/../lib/gcc/arm-eabi/4.1.2/../../../../arm-eabi/lib/thumb\libg.a(lib_a-freer.o)
 .glue_7        0x0201e208        0x0 d:/devkitpro/devkitarm/bin/../lib/gcc/arm-eabi/4.1.2/../../../../arm-eabi/lib/thumb\libg.a(lib_a-fseek.o)
 .glue_7        0x0201e208        0x0 d:/devkitpro/devkitarm/bin/../lib/gcc/arm-eabi/4.1.2/../../../../arm-eabi/lib/thumb\libg.a(lib_a-ftell.o)
 .glue_7        0x0201e208        0x0 d:/devkitpro/devkitarm/bin/../lib/gcc/arm-eabi/4.1.2/../../../../arm-eabi/lib/thumb\libg.a(lib_a-fwalk.o)
 .glue_7        0x0201e208        0x0 d:/devkitpro/devkitarm/bin/../lib/gcc/arm-eabi/4.1.2/../../../../arm-eabi/lib/thumb\libg.a(lib_a-fwrite.o)
 .glue_7        0x0201e208        0x0 d:/devkitpro/devkitarm/bin/../lib/gcc/arm-eabi/4.1.2/../../../../arm-eabi/lib/thumb\libg.a(lib_a-gmtime.o)
 .glue_7        0x0201e208        0x0 d:/devkitpro/devkitarm/bin/../lib/gcc/arm-eabi/4.1.2/../../../../arm-eabi/lib/thumb\libg.a(lib_a-gmtime_r.o)
 .glue_7        0x0201e208        0x0 d:/devkitpro/devkitarm/bin/../lib/gcc/arm-eabi/4.1.2/../../../../arm-eabi/lib/thumb\libg.a(lib_a-impure.o)
 .glue_7        0x0201e208        0x0 d:/devkitpro/devkitarm/bin/../lib/gcc/arm-eabi/4.1.2/../../../../arm-eabi/lib/thumb\libg.a(lib_a-init.o)
 .glue_7        0x0201e208        0x0 d:/devkitpro/devkitarm/bin/../lib/gcc/arm-eabi/4.1.2/../../../../arm-eabi/lib/thumb\libg.a(lib_a-makebuf.o)
 .glue_7        0x0201e208        0x0 d:/devkitpro/devkitarm/bin/../lib/gcc/arm-eabi/4.1.2/../../../../arm-eabi/lib/thumb\libg.a(lib_a-malloc.o)
 .glue_7        0x0201e208        0x0 d:/devkitpro/devkitarm/bin/../lib/gcc/arm-eabi/4.1.2/../../../../arm-eabi/lib/thumb\libg.a(lib_a-mallocr.o)
 .glue_7        0x0201e208        0x0 d:/devkitpro/devkitarm/bin/../lib/gcc/arm-eabi/4.1.2/../../../../arm-eabi/lib/thumb\libg.a(lib_a-memcpy.o)
 .glue_7        0x0201e208        0x0 d:/devkitpro/devkitarm/bin/../lib/gcc/arm-eabi/4.1.2/../../../../arm-eabi/lib/thumb\libg.a(lib_a-memmove.o)
 .glue_7        0x0201e208        0x0 d:/devkitpro/devkitarm/bin/../lib/gcc/arm-eabi/4.1.2/../../../../arm-eabi/lib/thumb\libg.a(lib_a-memset.o)
 .glue_7        0x0201e208        0x0 d:/devkitpro/devkitarm/bin/../lib/gcc/arm-eabi/4.1.2/../../../../arm-eabi/lib/thumb\libg.a(lib_a-mktime.o)
 .glue_7        0x0201e208        0x0 d:/devkitpro/devkitarm/bin/../lib/gcc/arm-eabi/4.1.2/../../../../arm-eabi/lib/thumb\libg.a(lib_a-mktm_r.o)
 .glue_7        0x0201e208        0x0 d:/devkitpro/devkitarm/bin/../lib/gcc/arm-eabi/4.1.2/../../../../arm-eabi/lib/thumb\libg.a(lib_a-mlock.o)
 .glue_7        0x0201e208        0x0 d:/devkitpro/devkitarm/bin/../lib/gcc/arm-eabi/4.1.2/../../../../arm-eabi/lib/thumb\libg.a(lib_a-refill.o)
 .glue_7        0x0201e208        0x0 d:/devkitpro/devkitarm/bin/../lib/gcc/arm-eabi/4.1.2/../../../../arm-eabi/lib/thumb\libg.a(lib_a-sprintf.o)
 .glue_7        0x0201e208        0x0 d:/devkitpro/devkitarm/bin/../lib/gcc/arm-eabi/4.1.2/../../../../arm-eabi/lib/thumb\libg.a(lib_a-stdio.o)
 .glue_7        0x0201e208        0x0 d:/devkitpro/devkitarm/bin/../lib/gcc/arm-eabi/4.1.2/../../../../arm-eabi/lib/thumb\libg.a(lib_a-strcasecmp.o)
 .glue_7        0x0201e208        0x0 d:/devkitpro/devkitarm/bin/../lib/gcc/arm-eabi/4.1.2/../../../../arm-eabi/lib/thumb\libg.a(lib_a-strcat.o)
 .glue_7        0x0201e208        0x0 d:/devkitpro/devkitarm/bin/../lib/gcc/arm-eabi/4.1.2/../../../../arm-eabi/lib/thumb\libg.a(lib_a-strchr.o)
 .glue_7        0x0201e208        0x0 d:/devkitpro/devkitarm/bin/../lib/gcc/arm-eabi/4.1.2/../../../../arm-eabi/lib/thumb\libg.a(lib_a-strcmp.o)
 .glue_7        0x0201e208        0x0 d:/devkitpro/devkitarm/bin/../lib/gcc/arm-eabi/4.1.2/../../../../arm-eabi/lib/thumb\libg.a(lib_a-strcpy.o)
 .glue_7        0x0201e208        0x0 d:/devkitpro/devkitarm/bin/../lib/gcc/arm-eabi/4.1.2/../../../../arm-eabi/lib/thumb\libg.a(lib_a-strlen.o)
 .glue_7        0x0201e208        0x0 d:/devkitpro/devkitarm/bin/../lib/gcc/arm-eabi/4.1.2/../../../../arm-eabi/lib/thumb\libg.a(lib_a-strncasecmp.o)
 .glue_7        0x0201e208        0x0 d:/devkitpro/devkitarm/bin/../lib/gcc/arm-eabi/4.1.2/../../../../arm-eabi/lib/thumb\libg.a(lib_a-strncmp.o)
 .glue_7        0x0201e208        0x0 d:/devkitpro/devkitarm/bin/../lib/gcc/arm-eabi/4.1.2/../../../../arm-eabi/lib/thumb\libg.a(lib_a-strncpy.o)
 .glue_7        0x0201e208        0x0 d:/devkitpro/devkitarm/bin/../lib/gcc/arm-eabi/4.1.2/../../../../arm-eabi/lib/thumb\libg.a(lib_a-strnlen.o)
 .glue_7        0x0201e208        0x0 d:/devkitpro/devkitarm/bin/../lib/gcc/arm-eabi/4.1.2/../../../../arm-eabi/lib/thumb\libg.a(lib_a-strrchr.o)
 .glue_7        0x0201e208        0x0 d:/devkitpro/devkitarm/bin/../lib/gcc/arm-eabi/4.1.2/../../../../arm-eabi/lib/thumb\libg.a(lib_a-sysstat.o)
 .glue_7        0x0201e208        0x0 d:/devkitpro/devkitarm/bin/../lib/gcc/arm-eabi/4.1.2/../../../../arm-eabi/lib/thumb\libg.a(lib_a-tzlock.o)
 .glue_7        0x0201e208        0x0 d:/devkitpro/devkitarm/bin/../lib/gcc/arm-eabi/4.1.2/../../../../arm-eabi/lib/thumb\libg.a(lib_a-tzvars.o)
 .glue_7        0x0201e208        0x0 d:/devkitpro/devkitarm/bin/../lib/gcc/arm-eabi/4.1.2/../../../../arm-eabi/lib/thumb\libg.a(lib_a-vfprintf.o)
 .glue_7        0x0201e208        0x0 d:/devkitpro/devkitarm/bin/../lib/gcc/arm-eabi/4.1.2/../../../../arm-eabi/lib/thumb\libg.a(lib_a-wcrtomb.o)
 .glue_7        0x0201e208        0x0 d:/devkitpro/devkitarm/bin/../lib/gcc/arm-eabi/4.1.2/../../../../arm-eabi/lib/thumb\libg.a(lib_a-wcsrtombs.o)
 .glue_7        0x0201e208        0x0 d:/devkitpro/devkitarm/bin/../lib/gcc/arm-eabi/4.1.2/../../../../arm-eabi/lib/thumb\libg.a(lib_a-wctomb_r.o)
 .glue_7        0x0201e208        0x0 d:/devkitpro/devkitarm/bin/../lib/gcc/arm-eabi/4.1.2/../../../../arm-eabi/lib/thumb\libg.a(lib_a-wsetup.o)
 .glue_7        0x0201e208        0x0 d:/devkitpro/devkitarm/bin/../lib/gcc/arm-eabi/4.1.2/../../../../arm-eabi/lib/thumb\libg.a(lib_a-div.o)
 .glue_7        0x0201e208        0x0 d:/devkitpro/devkitarm/bin/../lib/gcc/arm-eabi/4.1.2/../../../../arm-eabi/lib/thumb\libg.a(lib_a-dtoa.o)
 .glue_7        0x0201e208        0x0 d:/devkitpro/devkitarm/bin/../lib/gcc/arm-eabi/4.1.2/../../../../arm-eabi/lib/thumb\libg.a(lib_a-flags.o)
 .glue_7        0x0201e208        0x0 d:/devkitpro/devkitarm/bin/../lib/gcc/arm-eabi/4.1.2/../../../../arm-eabi/lib/thumb\libg.a(lib_a-fvwrite.o)
 .glue_7        0x0201e208        0x0 d:/devkitpro/devkitarm/bin/../lib/gcc/arm-eabi/4.1.2/../../../../arm-eabi/lib/thumb\libg.a(lib_a-gettzinfo.o)
 .glue_7        0x0201e208        0x0 d:/devkitpro/devkitarm/bin/../lib/gcc/arm-eabi/4.1.2/../../../../arm-eabi/lib/thumb\libg.a(lib_a-locale.o)
 .glue_7        0x0201e208        0x0 d:/devkitpro/devkitarm/bin/../lib/gcc/arm-eabi/4.1.2/../../../../arm-eabi/lib/thumb\libg.a(lib_a-memchr.o)
 .glue_7        0x0201e208        0x0 d:/devkitpro/devkitarm/bin/../lib/gcc/arm-eabi/4.1.2/../../../../arm-eabi/lib/thumb\libg.a(lib_a-mprec.o)
 .glue_7        0x0201e208        0x0 d:/devkitpro/devkitarm/bin/../lib/gcc/arm-eabi/4.1.2/../../../../arm-eabi/lib/thumb\libg.a(lib_a-reallocr.o)
 .glue_7        0x0201e208        0x0 d:/devkitpro/devkitarm/bin/../lib/gcc/arm-eabi/4.1.2/../../../../arm-eabi/lib/thumb\libg.a(lib_a-s_isinfd.o)
 .glue_7        0x0201e208        0x0 d:/devkitpro/devkitarm/bin/../lib/gcc/arm-eabi/4.1.2/../../../../arm-eabi/lib/thumb\libg.a(lib_a-s_isnand.o)
 .glue_7        0x0201e208        0x0 d:/devkitpro/devkitarm/bin/../lib/gcc/arm-eabi/4.1.2/../../../../arm-eabi/lib/thumb\libg.a(lib_a-callocr.o)
 .glue_7        0x0201e208        0x0 d:/devkitpro/devkitarm/bin/../lib/gcc/arm-eabi/4.1.2/thumb\libgcc.a(_muldivdf3.o)
 .glue_7        0x0201e208        0x0 d:/devkitpro/devkitarm/bin/../lib/gcc/arm-eabi/4.1.2/thumb\libgcc.a(_cmpdf2.o)
 .glue_7        0x0201e208        0x0 d:/devkitpro/devkitarm/bin/../lib/gcc/arm-eabi/4.1.2/thumb\libgcc.a(_fixdfsi.o)
 .glue_7        0x0201e208        0x0 d:/devkitpro/devkitarm/bin/../lib/gcc/arm-eabi/4.1.2/../../../../arm-eabi/lib/thumb\libsysbase.a(iosupport.o)
 .glue_7        0x0201e208        0x0 d:/devkitpro/devkitarm/bin/../lib/gcc/arm-eabi/4.1.2/../../../../arm-eabi/lib/thumb\libsysbase.a(close.o)
 .glue_7        0x0201e208        0x0 d:/devkitpro/devkitarm/bin/../lib/gcc/arm-eabi/4.1.2/../../../../arm-eabi/lib/thumb\libsysbase.a(fstat.o)
 .glue_7        0x0201e208        0x0 d:/devkitpro/devkitarm/bin/../lib/gcc/arm-eabi/4.1.2/../../../../arm-eabi/lib/thumb\libsysbase.a(isatty.o)
 .glue_7        0x0201e208        0x0 d:/devkitpro/devkitarm/bin/../lib/gcc/arm-eabi/4.1.2/../../../../arm-eabi/lib/thumb\libsysbase.a(lseek.o)
 .glue_7        0x0201e208        0x0 d:/devkitpro/devkitarm/bin/../lib/gcc/arm-eabi/4.1.2/../../../../arm-eabi/lib/thumb\libsysbase.a(open.o)
 .glue_7        0x0201e208        0x0 d:/devkitpro/devkitarm/bin/../lib/gcc/arm-eabi/4.1.2/../../../../arm-eabi/lib/thumb\libsysbase.a(read.o)
 .glue_7        0x0201e208        0x0 d:/devkitpro/devkitarm/bin/../lib/gcc/arm-eabi/4.1.2/../../../../arm-eabi/lib/thumb\libsysbase.a(sbrk.o)
 .glue_7        0x0201e208        0x0 d:/devkitpro/devkitarm/bin/../lib/gcc/arm-eabi/4.1.2/../../../../arm-eabi/lib/thumb\libsysbase.a(stat.o)
 .glue_7        0x0201e208        0x0 d:/devkitpro/devkitarm/bin/../lib/gcc/arm-eabi/4.1.2/../../../../arm-eabi/lib/thumb\libsysbase.a(times.o)
 .glue_7        0x0201e208        0x0 d:/devkitpro/devkitarm/bin/../lib/gcc/arm-eabi/4.1.2/../../../../arm-eabi/lib/thumb\libsysbase.a(write.o)
 .glue_7        0x0201e208        0x0 d:/devkitpro/devkitarm/bin/../lib/gcc/arm-eabi/4.1.2/../../../../arm-eabi/lib/thumb\libsysbase.a(malloc_vars.o)
 .glue_7        0x0201e208        0x0 d:/devkitpro/devkitarm/bin/../lib/gcc/arm-eabi/4.1.2/../../../../arm-eabi/lib/thumb\libsysbase.a(chdir.o)
 .glue_7        0x0201e208        0x0 d:/devkitpro/devkitarm/bin/../lib/gcc/arm-eabi/4.1.2/../../../../arm-eabi/lib/thumb\libsysbase.a(mkdir.o)
 .glue_7        0x0201e208        0x0 d:/devkitpro/devkitarm/bin/../lib/gcc/arm-eabi/4.1.2/../../../../arm-eabi/lib/thumb\libsysbase.a(dir.o)
 .glue_7        0x0201e208        0x0 d:/devkitpro/devkitarm/bin/../lib/gcc/arm-eabi/4.1.2/../../../../arm-eabi/lib/thumb\libsysbase.a(build_argv.o)
 .glue_7        0x0201e208        0x0 d:/devkitpro/devkitarm/bin/../lib/gcc/arm-eabi/4.1.2/thumb/crtend.o
 .glue_7        0x0201e208        0x0 d:/devkitpro/devkitarm/bin/../lib/gcc/arm-eabi/4.1.2/thumb/crtn.o
 *(.glue_7t)
 .glue_7t       0x0201e208        0x0 d:/devkitpro/devkitarm/bin/../lib/gcc/arm-eabi/4.1.2/../../../../arm-eabi/lib/thumb/ds_arm9_crt0.o
 .glue_7t       0x0201e208        0x0 d:/devkitpro/devkitarm/bin/../lib/gcc/arm-eabi/4.1.2/thumb/crti.o
 .glue_7t       0x0201e208        0x0 d:/devkitpro/devkitarm/bin/../lib/gcc/arm-eabi/4.1.2/thumb/crtbegin.o
 .glue_7t       0x0201e208        0x0 shinonome.bin.o
 .glue_7t       0x0201e208        0x0 shinonomeank.bin.o
 .glue_7t       0x0201e208        0x0 unicode_ank.bin.o
 .glue_7t       0x0201e208        0x0 unicode_l2u.bin.o
 .glue_7t       0x0201e208        0x0 unicode_u2l.bin.o
 .glue_7t       0x0201e208        0x0 GBA_ini.o
 .glue_7t       0x0201e208        0x0 ctrl_tbl.o
 .glue_7t       0x0201e208        0x0 dsCard.o
 .glue_7t       0x0201e208        0x0 gba_patch.o
 .glue_7t       0x0201e208        0x0 gbaldr.o
 .glue_7t       0x0201e208        0x0 header_rep.o
 .glue_7t       0x0201e208        0x0 memcleaner.o
 .glue_7t       0x0201e208        0x0 message.o
 .glue_7t       0x0201e208        0x0 skin.o
 .glue_7t       0x0201e208        0x0 tarosa_Graphic.o
 .glue_7t       0x0201e208        0x0 tarosa_Shinofont.o
 .glue_7t       0x0201e208        0x0 main.o
 .glue_7t       0x0201e208        0x0 ret_menu9_Gen.o
 .glue_7t       0x0201e208        0x0 save_sel.o
 .glue_7t       0x0201e208        0x0 unicode.o
 .glue_7t       0x0201e208        0x0 linkreset_arm9.o
 .glue_7t       0x0201e208        0x0 ret_menu9_Gens.o
 .glue_7t       0x0201e208        0x0 ret_menu9_R4.o
 .glue_7t       0x0201e208        0x0 d:/devkitPro/libnds/lib\libfat.a(fatdir_ex.o)
 .glue_7t       0x0201e208        0x0 d:/devkitPro/libnds/lib\libfat.a(libfat.o)
 .glue_7t       0x0201e208        0x0 d:/devkitPro/libnds/lib\libfat.a(partition.o)
 .glue_7t       0x0201e208        0x0 d:/devkitPro/libnds/lib\libfat.a(disc.o)
 .glue_7t       0x0201e208        0x0 d:/devkitPro/libnds/lib\libfat.a(io_dldi.o)
 .glue_7t       0x0201e208        0x0 d:/devkitPro/libnds/lib\libfat.a(cache.o)
 .glue_7t       0x0201e208        0x0 d:/devkitPro/libnds/lib\libfat.a(directory.o)
 .glue_7t       0x0201e208        0x0 d:/devkitPro/libnds/lib\libfat.a(fatdir.o)
 .glue_7t       0x0201e208        0x0 d:/devkitPro/libnds/lib\libfat.a(fatfile.o)
 .glue_7t       0x0201e208        0x0 d:/devkitPro/libnds/lib\libfat.a(file_allocation_table.o)
 .glue_7t       0x0201e208        0x0 d:/devkitPro/libnds/lib\libfat.a(filetime.o)
 .glue_7t       0x0201e208        0x0 d:/devkitPro/libnds/lib\libnds9.a(initSystem.o)
 .glue_7t       0x0201e208        0x0 d:/devkitPro/libnds/lib\libnds9.a(keys.o)
 .glue_7t       0x0201e208        0x0 d:/devkitPro/libnds/lib\libnds9.a(video.o)
 .glue_7t       0x0201e208        0x0 d:/devkitPro/libnds/lib\libnds9.a(interrupts.o)
 .glue_7t       0x0201e208        0x0 d:/devkitPro/libnds/lib\libnds9.a(biosCalls.o)
 .glue_7t       0x0201e208        0x0 d:/devkitPro/libnds/lib\libnds9.a(interruptDispatcher.o)
 .glue_7t       0x0201e208        0x0 d:/devkitpro/devkitarm/bin/../lib/gcc/arm-eabi/4.1.2/thumb\libgcc.a(_udivsi3.o)
 .glue_7t       0x0201e208        0x0 d:/devkitpro/devkitarm/bin/../lib/gcc/arm-eabi/4.1.2/thumb\libgcc.a(_divsi3.o)
 .glue_7t       0x0201e208        0x0 d:/devkitpro/devkitarm/bin/../lib/gcc/arm-eabi/4.1.2/thumb\libgcc.a(_dvmd_tls.o)
 .glue_7t       0x0201e208        0x0 d:/devkitpro/devkitarm/bin/../lib/gcc/arm-eabi/4.1.2/thumb\libgcc.a(_addsubdf3.o)
 .glue_7t       0x0201e208        0x0 d:/devkitpro/devkitarm/bin/../lib/gcc/arm-eabi/4.1.2/thumb\libgcc.a(_addsubsf3.o)
 .glue_7t       0x0201e208        0x0 d:/devkitpro/devkitarm/bin/../lib/gcc/arm-eabi/4.1.2/thumb\libgcc.a(_muldivsf3.o)
 .glue_7t       0x0201e208        0x0 d:/devkitpro/devkitarm/bin/../lib/gcc/arm-eabi/4.1.2/../../../../arm-eabi/lib/thumb\libg.a(lib_a-ctype_.o)
 .glue_7t       0x0201e208        0x0 d:/devkitpro/devkitarm/bin/../lib/gcc/arm-eabi/4.1.2/../../../../arm-eabi/lib/thumb\libg.a(lib_a-errno.o)
 .glue_7t       0x0201e208        0x0 d:/devkitpro/devkitarm/bin/../lib/gcc/arm-eabi/4.1.2/../../../../arm-eabi/lib/thumb\libg.a(lib_a-fclose.o)
 .glue_7t       0x0201e208        0x0 d:/devkitpro/devkitarm/bin/../lib/gcc/arm-eabi/4.1.2/../../../../arm-eabi/lib/thumb\libg.a(lib_a-fflush.o)
 .glue_7t       0x0201e208        0x0 d:/devkitpro/devkitarm/bin/../lib/gcc/arm-eabi/4.1.2/../../../../arm-eabi/lib/thumb\libg.a(lib_a-findfp.o)
 .glue_7t       0x0201e208        0x0 d:/devkitpro/devkitarm/bin/../lib/gcc/arm-eabi/4.1.2/../../../../arm-eabi/lib/thumb\libg.a(lib_a-fopen.o)
 .glue_7t       0x0201e208        0x0 d:/devkitpro/devkitarm/bin/../lib/gcc/arm-eabi/4.1.2/../../../../arm-eabi/lib/thumb\libg.a(lib_a-fread.o)
 .glue_7t       0x0201e208        0x0 d:/devkitpro/devkitarm/bin/../lib/gcc/arm-eabi/4.1.2/../../../../arm-eabi/lib/thumb\libg.a(lib_a-freer.o)
 .glue_7t       0x0201e208        0x0 d:/devkitpro/devkitarm/bin/../lib/gcc/arm-eabi/4.1.2/../../../../arm-eabi/lib/thumb\libg.a(lib_a-fseek.o)
 .glue_7t       0x0201e208        0x0 d:/devkitpro/devkitarm/bin/../lib/gcc/arm-eabi/4.1.2/../../../../arm-eabi/lib/thumb\libg.a(lib_a-ftell.o)
 .glue_7t       0x0201e208        0x0 d:/devkitpro/devkitarm/bin/../lib/gcc/arm-eabi/4.1.2/../../../../arm-eabi/lib/thumb\libg.a(lib_a-fwalk.o)
 .glue_7t       0x0201e208        0x0 d:/devkitpro/devkitarm/bin/../lib/gcc/arm-eabi/4.1.2/../../../../arm-eabi/lib/thumb\libg.a(lib_a-fwrite.o)
 .glue_7t       0x0201e208        0x0 d:/devkitpro/devkitarm/bin/../lib/gcc/arm-eabi/4.1.2/../../../../arm-eabi/lib/thumb\libg.a(lib_a-gmtime.o)
 .glue_7t       0x0201e208        0x0 d:/devkitpro/devkitarm/bin/../lib/gcc/arm-eabi/4.1.2/../../../../arm-eabi/lib/thumb\libg.a(lib_a-gmtime_r.o)
 .glue_7t       0x0201e208        0x0 d:/devkitpro/devkitarm/bin/../lib/gcc/arm-eabi/4.1.2/../../../../arm-eabi/lib/thumb\libg.a(lib_a-impure.o)
 .glue_7t       0x0201e208        0x0 d:/devkitpro/devkitarm/bin/../lib/gcc/arm-eabi/4.1.2/../../../../arm-eabi/lib/thumb\libg.a(lib_a-init.o)
 .glue_7t       0x0201e208        0x0 d:/devkitpro/devkitarm/bin/../lib/gcc/arm-eabi/4.1.2/../../../../arm-eabi/lib/thumb\libg.a(lib_a-makebuf.o)
 .glue_7t       0x0201e208        0x0 d:/devkitpro/devkitarm/bin/../lib/gcc/arm-eabi/4.1.2/../../../../arm-eabi/lib/thumb\libg.a(lib_a-malloc.o)
 .glue_7t       0x0201e208        0x0 d:/devkitpro/devkitarm/bin/../lib/gcc/arm-eabi/4.1.2/../../../../arm-eabi/lib/thumb\libg.a(lib_a-mallocr.o)
 .glue_7t       0x0201e208        0x0 d:/devkitpro/devkitarm/bin/../lib/gcc/arm-eabi/4.1.2/../../../../arm-eabi/lib/thumb\libg.a(lib_a-memcpy.o)
 .glue_7t       0x0201e208        0x0 d:/devkitpro/devkitarm/bin/../lib/gcc/arm-eabi/4.1.2/../../../../arm-eabi/lib/thumb\libg.a(lib_a-memmove.o)
 .glue_7t       0x0201e208        0x0 d:/devkitpro/devkitarm/bin/../lib/gcc/arm-eabi/4.1.2/../../../../arm-eabi/lib/thumb\libg.a(lib_a-memset.o)
 .glue_7t       0x0201e208        0x0 d:/devkitpro/devkitarm/bin/../lib/gcc/arm-eabi/4.1.2/../../../../arm-eabi/lib/thumb\libg.a(lib_a-mktime.o)
 .glue_7t       0x0201e208        0x0 d:/devkitpro/devkitarm/bin/../lib/gcc/arm-eabi/4.1.2/../../../../arm-eabi/lib/thumb\libg.a(lib_a-mktm_r.o)
 .glue_7t       0x0201e208        0x0 d:/devkitpro/devkitarm/bin/../lib/gcc/arm-eabi/4.1.2/../../../../arm-eabi/lib/thumb\libg.a(lib_a-mlock.o)
 .glue_7t       0x0201e208        0x0 d:/devkitpro/devkitarm/bin/../lib/gcc/arm-eabi/4.1.2/../../../../arm-eabi/lib/thumb\libg.a(lib_a-refill.o)
 .glue_7t       0x0201e208        0x0 d:/devkitpro/devkitarm/bin/../lib/gcc/arm-eabi/4.1.2/../../../../arm-eabi/lib/thumb\libg.a(lib_a-sprintf.o)
 .glue_7t       0x0201e208        0x0 d:/devkitpro/devkitarm/bin/../lib/gcc/arm-eabi/4.1.2/../../../../arm-eabi/lib/thumb\libg.a(lib_a-stdio.o)
 .glue_7t       0x0201e208        0x0 d:/devkitpro/devkitarm/bin/../lib/gcc/arm-eabi/4.1.2/../../../../arm-eabi/lib/thumb\libg.a(lib_a-strcasecmp.o)
 .glue_7t       0x0201e208        0x0 d:/devkitpro/devkitarm/bin/../lib/gcc/arm-eabi/4.1.2/../../../../arm-eabi/lib/thumb\libg.a(lib_a-strcat.o)
 .glue_7t       0x0201e208        0x0 d:/devkitpro/devkitarm/bin/../lib/gcc/arm-eabi/4.1.2/../../../../arm-eabi/lib/thumb\libg.a(lib_a-strchr.o)
 .glue_7t       0x0201e208        0x0 d:/devkitpro/devkitarm/bin/../lib/gcc/arm-eabi/4.1.2/../../../../arm-eabi/lib/thumb\libg.a(lib_a-strcmp.o)
 .glue_7t       0x0201e208        0x0 d:/devkitpro/devkitarm/bin/../lib/gcc/arm-eabi/4.1.2/../../../../arm-eabi/lib/thumb\libg.a(lib_a-strcpy.o)
 .glue_7t       0x0201e208        0x0 d:/devkitpro/devkitarm/bin/../lib/gcc/arm-eabi/4.1.2/../../../../arm-eabi/lib/thumb\libg.a(lib_a-strlen.o)
 .glue_7t       0x0201e208        0x0 d:/devkitpro/devkitarm/bin/../lib/gcc/arm-eabi/4.1.2/../../../../arm-eabi/lib/thumb\libg.a(lib_a-strncasecmp.o)
 .glue_7t       0x0201e208        0x0 d:/devkitpro/devkitarm/bin/../lib/gcc/arm-eabi/4.1.2/../../../../arm-eabi/lib/thumb\libg.a(lib_a-strncmp.o)
 .glue_7t       0x0201e208        0x0 d:/devkitpro/devkitarm/bin/../lib/gcc/arm-eabi/4.1.2/../../../../arm-eabi/lib/thumb\libg.a(lib_a-strncpy.o)
 .glue_7t       0x0201e208        0x0 d:/devkitpro/devkitarm/bin/../lib/gcc/arm-eabi/4.1.2/../../../../arm-eabi/lib/thumb\libg.a(lib_a-strnlen.o)
 .glue_7t       0x0201e208        0x0 d:/devkitpro/devkitarm/bin/../lib/gcc/arm-eabi/4.1.2/../../../../arm-eabi/lib/thumb\libg.a(lib_a-strrchr.o)
 .glue_7t       0x0201e208        0x0 d:/devkitpro/devkitarm/bin/../lib/gcc/arm-eabi/4.1.2/../../../../arm-eabi/lib/thumb\libg.a(lib_a-sysstat.o)
 .glue_7t       0x0201e208        0x0 d:/devkitpro/devkitarm/bin/../lib/gcc/arm-eabi/4.1.2/../../../../arm-eabi/lib/thumb\libg.a(lib_a-tzlock.o)
 .glue_7t       0x0201e208        0x0 d:/devkitpro/devkitarm/bin/../lib/gcc/arm-eabi/4.1.2/../../../../arm-eabi/lib/thumb\libg.a(lib_a-tzvars.o)
 .glue_7t       0x0201e208        0x0 d:/devkitpro/devkitarm/bin/../lib/gcc/arm-eabi/4.1.2/../../../../arm-eabi/lib/thumb\libg.a(lib_a-vfprintf.o)
 .glue_7t       0x0201e208        0x0 d:/devkitpro/devkitarm/bin/../lib/gcc/arm-eabi/4.1.2/../../../../arm-eabi/lib/thumb\libg.a(lib_a-wcrtomb.o)
 .glue_7t       0x0201e208        0x0 d:/devkitpro/devkitarm/bin/../lib/gcc/arm-eabi/4.1.2/../../../../arm-eabi/lib/thumb\libg.a(lib_a-wcsrtombs.o)
 .glue_7t       0x0201e208        0x0 d:/devkitpro/devkitarm/bin/../lib/gcc/arm-eabi/4.1.2/../../../../arm-eabi/lib/thumb\libg.a(lib_a-wctomb_r.o)
 .glue_7t       0x0201e208        0x0 d:/devkitpro/devkitarm/bin/../lib/gcc/arm-eabi/4.1.2/../../../../arm-eabi/lib/thumb\libg.a(lib_a-wsetup.o)
 .glue_7t       0x0201e208        0x0 d:/devkitpro/devkitarm/bin/../lib/gcc/arm-eabi/4.1.2/../../../../arm-eabi/lib/thumb\libg.a(lib_a-div.o)
 .glue_7t       0x0201e208        0x0 d:/devkitpro/devkitarm/bin/../lib/gcc/arm-eabi/4.1.2/../../../../arm-eabi/lib/thumb\libg.a(lib_a-dtoa.o)
 .glue_7t       0x0201e208        0x0 d:/devkitpro/devkitarm/bin/../lib/gcc/arm-eabi/4.1.2/../../../../arm-eabi/lib/thumb\libg.a(lib_a-flags.o)
 .glue_7t       0x0201e208        0x0 d:/devkitpro/devkitarm/bin/../lib/gcc/arm-eabi/4.1.2/../../../../arm-eabi/lib/thumb\libg.a(lib_a-fvwrite.o)
 .glue_7t       0x0201e208        0x0 d:/devkitpro/devkitarm/bin/../lib/gcc/arm-eabi/4.1.2/../../../../arm-eabi/lib/thumb\libg.a(lib_a-gettzinfo.o)
 .glue_7t       0x0201e208        0x0 d:/devkitpro/devkitarm/bin/../lib/gcc/arm-eabi/4.1.2/../../../../arm-eabi/lib/thumb\libg.a(lib_a-locale.o)
 .glue_7t       0x0201e208        0x0 d:/devkitpro/devkitarm/bin/../lib/gcc/arm-eabi/4.1.2/../../../../arm-eabi/lib/thumb\libg.a(lib_a-memchr.o)
 .glue_7t       0x0201e208        0x0 d:/devkitpro/devkitarm/bin/../lib/gcc/arm-eabi/4.1.2/../../../../arm-eabi/lib/thumb\libg.a(lib_a-mprec.o)
 .glue_7t       0x0201e208        0x0 d:/devkitpro/devkitarm/bin/../lib/gcc/arm-eabi/4.1.2/../../../../arm-eabi/lib/thumb\libg.a(lib_a-reallocr.o)
 .glue_7t       0x0201e208        0x0 d:/devkitpro/devkitarm/bin/../lib/gcc/arm-eabi/4.1.2/../../../../arm-eabi/lib/thumb\libg.a(lib_a-s_isinfd.o)
 .glue_7t       0x0201e208        0x0 d:/devkitpro/devkitarm/bin/../lib/gcc/arm-eabi/4.1.2/../../../../arm-eabi/lib/thumb\libg.a(lib_a-s_isnand.o)
 .glue_7t       0x0201e208        0x0 d:/devkitpro/devkitarm/bin/../lib/gcc/arm-eabi/4.1.2/../../../../arm-eabi/lib/thumb\libg.a(lib_a-callocr.o)
 .glue_7t       0x0201e208        0x0 d:/devkitpro/devkitarm/bin/../lib/gcc/arm-eabi/4.1.2/thumb\libgcc.a(_muldivdf3.o)
 .glue_7t       0x0201e208        0x0 d:/devkitpro/devkitarm/bin/../lib/gcc/arm-eabi/4.1.2/thumb\libgcc.a(_cmpdf2.o)
 .glue_7t       0x0201e208        0x0 d:/devkitpro/devkitarm/bin/../lib/gcc/arm-eabi/4.1.2/thumb\libgcc.a(_fixdfsi.o)
 .glue_7t       0x0201e208        0x0 d:/devkitpro/devkitarm/bin/../lib/gcc/arm-eabi/4.1.2/../../../../arm-eabi/lib/thumb\libsysbase.a(iosupport.o)
 .glue_7t       0x0201e208        0x0 d:/devkitpro/devkitarm/bin/../lib/gcc/arm-eabi/4.1.2/../../../../arm-eabi/lib/thumb\libsysbase.a(close.o)
 .glue_7t       0x0201e208        0x0 d:/devkitpro/devkitarm/bin/../lib/gcc/arm-eabi/4.1.2/../../../../arm-eabi/lib/thumb\libsysbase.a(fstat.o)
 .glue_7t       0x0201e208        0x0 d:/devkitpro/devkitarm/bin/../lib/gcc/arm-eabi/4.1.2/../../../../arm-eabi/lib/thumb\libsysbase.a(isatty.o)
 .glue_7t       0x0201e208        0x0 d:/devkitpro/devkitarm/bin/../lib/gcc/arm-eabi/4.1.2/../../../../arm-eabi/lib/thumb\libsysbase.a(lseek.o)
 .glue_7t       0x0201e208        0x0 d:/devkitpro/devkitarm/bin/../lib/gcc/arm-eabi/4.1.2/../../../../arm-eabi/lib/thumb\libsysbase.a(open.o)
 .glue_7t       0x0201e208        0x0 d:/devkitpro/devkitarm/bin/../lib/gcc/arm-eabi/4.1.2/../../../../arm-eabi/lib/thumb\libsysbase.a(read.o)
 .glue_7t       0x0201e208        0x0 d:/devkitpro/devkitarm/bin/../lib/gcc/arm-eabi/4.1.2/../../../../arm-eabi/lib/thumb\libsysbase.a(sbrk.o)
 .glue_7t       0x0201e208        0x0 d:/devkitpro/devkitarm/bin/../lib/gcc/arm-eabi/4.1.2/../../../../arm-eabi/lib/thumb\libsysbase.a(stat.o)
 .glue_7t       0x0201e208        0x0 d:/devkitpro/devkitarm/bin/../lib/gcc/arm-eabi/4.1.2/../../../../arm-eabi/lib/thumb\libsysbase.a(times.o)
 .glue_7t       0x0201e208        0x0 d:/devkitpro/devkitarm/bin/../lib/gcc/arm-eabi/4.1.2/../../../../arm-eabi/lib/thumb\libsysbase.a(write.o)
 .glue_7t       0x0201e208        0x0 d:/devkitpro/devkitarm/bin/../lib/gcc/arm-eabi/4.1.2/../../../../arm-eabi/lib/thumb\libsysbase.a(malloc_vars.o)
 .glue_7t       0x0201e208        0x0 d:/devkitpro/devkitarm/bin/../lib/gcc/arm-eabi/4.1.2/../../../../arm-eabi/lib/thumb\libsysbase.a(chdir.o)
 .glue_7t       0x0201e208        0x0 d:/devkitpro/devkitarm/bin/../lib/gcc/arm-eabi/4.1.2/../../../../arm-eabi/lib/thumb\libsysbase.a(mkdir.o)
 .glue_7t       0x0201e208        0x0 d:/devkitpro/devkitarm/bin/../lib/gcc/arm-eabi/4.1.2/../../../../arm-eabi/lib/thumb\libsysbase.a(dir.o)
 .glue_7t       0x0201e208        0x0 d:/devkitpro/devkitarm/bin/../lib/gcc/arm-eabi/4.1.2/../../../../arm-eabi/lib/thumb\libsysbase.a(build_argv.o)
 .glue_7t       0x0201e208       0x88 d:/devkitpro/devkitarm/bin/../lib/gcc/arm-eabi/4.1.2/thumb/crtend.o
                0x0201e28c                ____aeabi_dcmpge_change_to_arm
                0x0201e21c                ____aeabi_f2d_change_to_arm
                0x0201e218                ____aeabi_f2d_from_thumb
                0x0201e244                ____aeabi_dcmpeq_change_to_arm
                0x0201e264                ____aeabi_dadd_change_to_arm
                0x0201e20c                ____aeabi_i2f_change_to_arm
                0x0201e258                ____aeabi_dmul_from_thumb
                0x0201e214                ____aeabi_fmul_change_to_arm
                0x0201e23c                __ret_menu9_R4_change_to_arm
                0x0201e24c                ____aeabi_dcmplt_change_to_arm
                0x0201e224                ____aeabi_fadd_change_to_arm
                0x0201e268                ____aeabi_i2d_from_thumb
                0x0201e278                ____aeabi_ddiv_from_thumb
                0x0201e240                ____aeabi_dcmpeq_from_thumb
                0x0201e25c                ____aeabi_dmul_change_to_arm
                0x0201e254                ____aeabi_dsub_change_to_arm
                0x0201e27c                ____aeabi_ddiv_change_to_arm
                0x0201e270                ____aeabi_d2iz_from_thumb
                0x0201e228                __ret_menu9_GENs_from_thumb
                0x0201e234                __LinkReset_ARM9_change_to_arm
                0x0201e230                __LinkReset_ARM9_from_thumb
                0x0201e248                ____aeabi_dcmplt_from_thumb
                0x0201e210                ____aeabi_fmul_from_thumb
                0x0201e26c                ____aeabi_i2d_change_to_arm
                0x0201e238                __ret_menu9_R4_from_thumb
                0x0201e260                ____aeabi_dadd_from_thumb
                0x0201e22c                __ret_menu9_GENs_change_to_arm
                0x0201e284                ____aeabi_dcmpgt_change_to_arm
                0x0201e280                ____aeabi_dcmpgt_from_thumb
                0x0201e250                ____aeabi_dsub_from_thumb
                0x0201e220                ____aeabi_fadd_from_thumb
                0x0201e274                ____aeabi_d2iz_change_to_arm
                0x0201e208                ____aeabi_i2f_from_thumb
                0x0201e288                ____aeabi_dcmpge_from_thumb
 .glue_7t       0x0201e290        0x0 d:/devkitpro/devkitarm/bin/../lib/gcc/arm-eabi/4.1.2/thumb/crtn.o
                0x0201e290                . = ALIGN (0x4)

.fini           0x0201e290        0xc
 *(.fini)
 .fini          0x0201e290        0x4 d:/devkitpro/devkitarm/bin/../lib/gcc/arm-eabi/4.1.2/thumb/crti.o
                0x0201e290                _fini
 .fini          0x0201e294        0x8 d:/devkitpro/devkitarm/bin/../lib/gcc/arm-eabi/4.1.2/thumb/crtn.o
                0x0201e29c                __text_end = .

.rodata         0x0201e2a0    0x6096c
 *(.rodata)
 .rodata        0x0201e2a0    0x1e3b4 shinonome.bin.o
                0x0203c652                shinonome_bin_end
                0x0201e2a0                shinonome_bin_size
                0x0201e2a4                shinonome_bin
 .rodata        0x0203c654      0x904 shinonomeank.bin.o
                0x0203c654                shinonomeank_bin_size
                0x0203cf58                shinonomeank_bin_end
                0x0203c658                shinonomeank_bin
 .rodata        0x0203cf58      0x104 unicode_ank.bin.o
                0x0203cf58                unicode_ank_bin_size
                0x0203d05c                unicode_ank_bin_end
                0x0203cf5c                unicode_ank_bin
 .rodata        0x0203d05c    0x20004 unicode_l2u.bin.o
                0x0203d05c                unicode_l2u_bin_size
                0x0205d060                unicode_l2u_bin_end
                0x0203d060                unicode_l2u_bin
 .rodata        0x0205d060    0x20004 unicode_u2l.bin.o
                0x0205d060                unicode_u2l_bin_size
                0x0205d064                unicode_u2l_bin
                0x0207d064                unicode_u2l_bin_end
 .rodata        0x0207d064      0x430 gba_patch.o
 .rodata        0x0207d494      0x178 message.o
 .rodata        0x0207d60c       0x50 d:/devkitPro/libnds/lib\libfat.a(libfat.o)
                0x0207d60c                dotab_fat
 .rodata        0x0207d65c       0x34 d:/devkitPro/libnds/lib\libfat.a(directory.o)
                0x0207d65c                LFN_offset_table
 .rodata        0x0207d690      0x101 d:/devkitpro/devkitarm/bin/../lib/gcc/arm-eabi/4.1.2/../../../../arm-eabi/lib/thumb\libg.a(lib_a-ctype_.o)
                0x0207d690                _ctype_
 *fill*         0x0207d791        0x3 ff
 .rodata        0x0207d794        0x4 d:/devkitpro/devkitarm/bin/../lib/gcc/arm-eabi/4.1.2/../../../../arm-eabi/lib/thumb\libg.a(lib_a-impure.o)
                0x0207d794                _global_impure_ptr
 .rodata        0x0207d798       0x60 d:/devkitpro/devkitarm/bin/../lib/gcc/arm-eabi/4.1.2/../../../../arm-eabi/lib/thumb\libg.a(lib_a-mktime.o)
 .rodata        0x0207d7f8       0x68 d:/devkitpro/devkitarm/bin/../lib/gcc/arm-eabi/4.1.2/../../../../arm-eabi/lib/thumb\libg.a(lib_a-mktm_r.o)
 .rodata        0x0207d860      0x18c d:/devkitpro/devkitarm/bin/../lib/gcc/arm-eabi/4.1.2/../../../../arm-eabi/lib/thumb\libg.a(lib_a-vfprintf.o)
 .rodata        0x0207d9ec       0x18 d:/devkitpro/devkitarm/bin/../lib/gcc/arm-eabi/4.1.2/../../../../arm-eabi/lib/thumb\libg.a(lib_a-dtoa.o)
 .rodata        0x0207da04       0x34 d:/devkitpro/devkitarm/bin/../lib/gcc/arm-eabi/4.1.2/../../../../arm-eabi/lib/thumb\libg.a(lib_a-locale.o)
 .rodata        0x0207da38      0x128 d:/devkitpro/devkitarm/bin/../lib/gcc/arm-eabi/4.1.2/../../../../arm-eabi/lib/thumb\libg.a(lib_a-mprec.o)
                0x0207db28                __mprec_tinytens
                0x0207da38                __mprec_tens
                0x0207db00                __mprec_bigtens
 .rodata        0x0207db60       0x50 d:/devkitpro/devkitarm/bin/../lib/gcc/arm-eabi/4.1.2/../../../../arm-eabi/lib/thumb\libsysbase.a(iosupport.o)
                0x0207db60                dotab_stdnull
 .rodata        0x0207dbb0        0xc d:/devkitpro/devkitarm/bin/../lib/gcc/arm-eabi/4.1.2/../../../../arm-eabi/lib/thumb\libsysbase.a(chdir.o)
                0x0207dbb0                DIRECTORY_SEPARATOR
                0x0207dbb4                DIRECTORY_THIS
                0x0207dbb8                DIRECTORY_PARENT
 *all.rodata*(*)
 *(.roda)
 *(.rodata.*)
 .rodata.str1.4
                0x0207dbbc       0x4d GBA_ini.o
                                 0x50 (size before relaxing)
 *fill*         0x0207dc09        0x3 ff
 .rodata.str1.4
                0x0207dc0c       0x13 ctrl_tbl.o
                                 0x18 (size before relaxing)
 *fill*         0x0207dc1f        0x1 ff
 .rodata.str1.4
                0x0207dc20       0x18 gba_patch.o
                                 0x24 (size before relaxing)
 .rodata.str1.4
                0x0207dc38       0x42 gbaldr.o
                                 0x5c (size before relaxing)
 *fill*         0x0207dc7a        0x2 ff
 .rodata.str1.4
                0x0207dc7c        0xe header_rep.o
                                 0x14 (size before relaxing)
 *fill*         0x0207dc8a        0x2 ff
 .rodata.str1.4
                0x0207dc8c      0xca9 message.o
                                0xcac (size before relaxing)
 .rodata.str1.4
                0x00000000        0x4 skin.o
 *fill*         0x0207e935        0x3 ff
 .rodata.str1.4
                0x0207e938      0x10e main.o
                                0x11c (size before relaxing)
 *fill*         0x0207ea46        0x2 ff
 .rodata.str1.4
                0x0207ea48       0x54 ret_menu9_Gen.o
                                 0x58 (size before relaxing)
 .rodata.str1.4
                0x0207ea9c       0x97 save_sel.o
                                 0x98 (size before relaxing)
 *fill*         0x0207eb33        0x1 ff
 .rodata.str1.4
                0x0207eb34        0xc d:/devkitPro/libnds/lib\libfat.a(libfat.o)
 .rodata.str1.4
                0x00000000        0x4 d:/devkitPro/libnds/lib\libfat.a(partition.o)
 .rodata.str1.4
                0x0207eb40       0x1e d:/devkitPro/libnds/lib\libfat.a(directory.o)
                                 0x28 (size before relaxing)
 *fill*         0x0207eb5e        0x2 ff
 .rodata.str1.4
                0x0207eb60        0x2 d:/devkitpro/devkitarm/bin/../lib/gcc/arm-eabi/4.1.2/../../../../arm-eabi/lib/thumb\libg.a(lib_a-impure.o)
                                  0x4 (size before relaxing)
 *fill*         0x0207eb62        0x2 ff
 .rodata.str1.4
                0x0207eb64        0x4 d:/devkitpro/devkitarm/bin/../lib/gcc/arm-eabi/4.1.2/../../../../arm-eabi/lib/thumb\libg.a(lib_a-tzvars.o)
 .rodata.str1.4
                0x0207eb68       0x5e d:/devkitpro/devkitarm/bin/../lib/gcc/arm-eabi/4.1.2/../../../../arm-eabi/lib/thumb\libg.a(lib_a-vfprintf.o)
                                 0x64 (size before relaxing)
 *fill*         0x0207ebc6        0x2 ff
 .rodata.str1.4
                0x0207ebc8       0x1e d:/devkitpro/devkitarm/bin/../lib/gcc/arm-eabi/4.1.2/../../../../arm-eabi/lib/thumb\libg.a(lib_a-wctomb_r.o)
                                 0x20 (size before relaxing)
 *fill*         0x0207ebe6        0x2 ff
 .rodata.str1.4
                0x0207ebe8       0x10 d:/devkitpro/devkitarm/bin/../lib/gcc/arm-eabi/4.1.2/../../../../arm-eabi/lib/thumb\libg.a(lib_a-dtoa.o)
                                 0x14 (size before relaxing)
 .rodata.str1.4
                0x0207ebf8        0xb d:/devkitpro/devkitarm/bin/../lib/gcc/arm-eabi/4.1.2/../../../../arm-eabi/lib/thumb\libg.a(lib_a-locale.o)
                                 0x18 (size before relaxing)
 *fill*         0x0207ec03        0x1 ff
 .rodata.str1.4
                0x0207ec04        0x8 d:/devkitpro/devkitarm/bin/../lib/gcc/arm-eabi/4.1.2/../../../../arm-eabi/lib/thumb\libsysbase.a(iosupport.o)
 *(.gnu.linkonce.r*)
                0x0207ec0c                . = ALIGN (0x4)

.ARM.extab
 *(.ARM.extab* .gnu.linkonce.armextab.*)
                0x0207ec0c                __exidx_start = .

.ARM.exidx
 *(.ARM.exidx* .gnu.linkonce.armexidx.*)
                0x0207ec0c                __exidx_end = .
                0x0207ec0c                . = ALIGN (0x4)
                0x0207ec0c                PROVIDE (__preinit_array_start, .)

.preinit_array
 *(.preinit_array)
                0x0207ec0c                PROVIDE (__preinit_array_end, .)
                0x0207ec0c                PROVIDE (__init_array_start, .)

.init_array     0x0207ec0c        0x4
 *(.init_array)
 .init_array    0x0207ec0c        0x4 d:/devkitpro/devkitarm/bin/../lib/gcc/arm-eabi/4.1.2/thumb/crtbegin.o
                0x0207ec10                PROVIDE (__init_array_end, .)
                0x0207ec10                PROVIDE (__fini_array_start, .)

.fini_array     0x0207ec10        0x4
 *(.fini_array)
 .fini_array    0x0207ec10        0x4 d:/devkitpro/devkitarm/bin/../lib/gcc/arm-eabi/4.1.2/thumb/crtbegin.o
                0x0207ec14                PROVIDE (__fini_array_end, .)

.ctors          0x0207ec14        0x0
 *crtbegin.o(.ctors)
 *(EXCLUDE_FILE(*crtend.o) .ctors)
 *(SORT(.ctors.*))
 *(.ctors)
                0x0207ec14                . = ALIGN (0x4)

.dtors          0x0207ec14        0x0
 *crtbegin.o(.dtors)
 *(EXCLUDE_FILE(*crtend.o) .dtors)
 *(SORT(.dtors.*))
 *(.dtors)
                0x0207ec14                . = ALIGN (0x4)

.eh_frame       0x0207ec14        0x4
 *(.eh_frame)
 .eh_frame      0x0207ec14        0x0 d:/devkitpro/devkitarm/bin/../lib/gcc/arm-eabi/4.1.2/thumb/crtbegin.o
 .eh_frame      0x0207ec14        0x4 d:/devkitpro/devkitarm/bin/../lib/gcc/arm-eabi/4.1.2/thumb/crtend.o
                0x0207ec18                . = ALIGN (0x4)

.gcc_except_table
                0x0207ec18        0x0
 *(.gcc_except_table)
                0x0207ec18                . = ALIGN (0x4)

.jcr            0x0207ec18        0x4
 *(.jcr)
 .jcr           0x0207ec18        0x0 d:/devkitpro/devkitarm/bin/../lib/gcc/arm-eabi/4.1.2/thumb/crtbegin.o
 .jcr           0x0207ec18        0x4 d:/devkitpro/devkitarm/bin/../lib/gcc/arm-eabi/4.1.2/thumb/crtend.o

.got
 *(.got.plt)
 *(.got)
 *(.rel.got)

.ewram          0x0207ec1c        0x0
                0x0207ec1c                __ewram_start = <code 342> (.)
 *(.ewram)
 *ewram.*(.text)
                0x0207ec1c                . = ALIGN (0x4)

.data           0x0207ec1c     0x1548
                0x0207ec1c                __data_start = <code 342> (.)
 *(.data)
 .data          0x0207ec1c        0x0 d:/devkitpro/devkitarm/bin/../lib/gcc/arm-eabi/4.1.2/../../../../arm-eabi/lib/thumb/ds_arm9_crt0.o
 .data          0x0207ec1c        0x0 d:/devkitpro/devkitarm/bin/../lib/gcc/arm-eabi/4.1.2/thumb/crti.o
 .data          0x0207ec1c        0x4 d:/devkitpro/devkitarm/bin/../lib/gcc/arm-eabi/4.1.2/thumb/crtbegin.o
                0x0207ec1c                __dso_handle
 .data          0x0207ec20        0x0 shinonome.bin.o
 .data          0x0207ec20        0x0 shinonomeank.bin.o
 .data          0x0207ec20        0x0 unicode_ank.bin.o
 .data          0x0207ec20        0x0 unicode_l2u.bin.o
 .data          0x0207ec20        0x0 unicode_u2l.bin.o
 .data          0x0207ec20        0x0 GBA_ini.o
 .data          0x0207ec20        0x0 ctrl_tbl.o
 .data          0x0207ec20        0x4 dsCard.o
 .data          0x0207ec24      0x85a gba_patch.o
 *fill*         0x0207f47e        0x2 ff
 .data          0x0207f480        0x4 gbaldr.o
                0x0207f480                Rudolph
 .data          0x0207f484        0x0 header_rep.o
 .data          0x0207f484        0x0 memcleaner.o
 .data          0x0207f484        0x0 message.o
 .data          0x0207f484        0x0 skin.o
 .data          0x0207f484        0x8 tarosa_Graphic.o
                0x0207f488                SubScreen
                0x0207f484                MainScreen
 .data          0x0207f48c        0x0 tarosa_Shinofont.o
 .data          0x0207f48c        0x0 main.o
 .data          0x0207f48c        0x0 ret_menu9_Gen.o
 .data          0x0207f48c        0x0 save_sel.o
 .data          0x0207f48c        0x0 unicode.o
 .data          0x0207f48c        0x0 linkreset_arm9.o
 .data          0x0207f48c        0x0 ret_menu9_Gens.o
 .data          0x0207f48c        0x0 ret_menu9_R4.o
 .data          0x0207f48c        0x0 d:/devkitPro/libnds/lib\libfat.a(fatdir_ex.o)
 .data          0x0207f48c        0x0 d:/devkitPro/libnds/lib\libfat.a(libfat.o)
 .data          0x0207f48c        0x4 d:/devkitPro/libnds/lib\libfat.a(partition.o)
                0x0207f48c                DEVICE_NAME
 .data          0x0207f490        0x4 d:/devkitPro/libnds/lib\libfat.a(disc.o)
                0x0207f490                ioInterfaces
 .data          0x0207f494        0x0 d:/devkitPro/libnds/lib\libfat.a(io_dldi.o)
 .data          0x0207f494        0x0 d:/devkitPro/libnds/lib\libfat.a(cache.o)
 .data          0x0207f494        0x0 d:/devkitPro/libnds/lib\libfat.a(directory.o)
 .data          0x0207f494        0x0 d:/devkitPro/libnds/lib\libfat.a(fatdir.o)
 .data          0x0207f494        0x0 d:/devkitPro/libnds/lib\libfat.a(fatfile.o)
 .data          0x0207f494        0x0 d:/devkitPro/libnds/lib\libfat.a(file_allocation_table.o)
 .data          0x0207f494        0x0 d:/devkitPro/libnds/lib\libfat.a(filetime.o)
 .data          0x0207f494        0x0 d:/devkitPro/libnds/lib\libnds9.a(initSystem.o)
 .data          0x0207f494        0x3 d:/devkitPro/libnds/lib\libnds9.a(keys.o)
 .data          0x0207f497        0x0 d:/devkitPro/libnds/lib\libnds9.a(video.o)
 .data          0x0207f497        0x0 d:/devkitPro/libnds/lib\libnds9.a(interrupts.o)
 .data          0x0207f497        0x0 d:/devkitPro/libnds/lib\libnds9.a(biosCalls.o)
 .data          0x0207f497        0x0 d:/devkitPro/libnds/lib\libnds9.a(interruptDispatcher.o)
 .data          0x0207f497        0x0 d:/devkitpro/devkitarm/bin/../lib/gcc/arm-eabi/4.1.2/thumb\libgcc.a(_udivsi3.o)
 .data          0x0207f497        0x0 d:/devkitpro/devkitarm/bin/../lib/gcc/arm-eabi/4.1.2/thumb\libgcc.a(_divsi3.o)
 .data          0x0207f497        0x0 d:/devkitpro/devkitarm/bin/../lib/gcc/arm-eabi/4.1.2/thumb\libgcc.a(_dvmd_tls.o)
 .data          0x0207f497        0x0 d:/devkitpro/devkitarm/bin/../lib/gcc/arm-eabi/4.1.2/thumb\libgcc.a(_addsubdf3.o)
 .data          0x0207f497        0x0 d:/devkitpro/devkitarm/bin/../lib/gcc/arm-eabi/4.1.2/thumb\libgcc.a(_addsubsf3.o)
 .data          0x0207f497        0x0 d:/devkitpro/devkitarm/bin/../lib/gcc/arm-eabi/4.1.2/thumb\libgcc.a(_muldivsf3.o)
 *fill*         0x0207f497        0x1 ff
 .data          0x0207f498        0x4 d:/devkitpro/devkitarm/bin/../lib/gcc/arm-eabi/4.1.2/../../../../arm-eabi/lib/thumb\libg.a(lib_a-ctype_.o)
                0x0207f498                __ctype_ptr
 .data          0x0207f49c        0x0 d:/devkitpro/devkitarm/bin/../lib/gcc/arm-eabi/4.1.2/../../../../arm-eabi/lib/thumb\libg.a(lib_a-errno.o)
 .data          0x0207f49c        0x0 d:/devkitpro/devkitarm/bin/../lib/gcc/arm-eabi/4.1.2/../../../../arm-eabi/lib/thumb\libg.a(lib_a-fclose.o)
 .data          0x0207f49c        0x0 d:/devkitpro/devkitarm/bin/../lib/gcc/arm-eabi/4.1.2/../../../../arm-eabi/lib/thumb\libg.a(lib_a-fflush.o)
 .data          0x0207f49c        0x0 d:/devkitpro/devkitarm/bin/../lib/gcc/arm-eabi/4.1.2/../../../../arm-eabi/lib/thumb\libg.a(lib_a-findfp.o)
 .data          0x0207f49c        0x0 d:/devkitpro/devkitarm/bin/../lib/gcc/arm-eabi/4.1.2/../../../../arm-eabi/lib/thumb\libg.a(lib_a-fopen.o)
 .data          0x0207f49c        0x0 d:/devkitpro/devkitarm/bin/../lib/gcc/arm-eabi/4.1.2/../../../../arm-eabi/lib/thumb\libg.a(lib_a-fread.o)
 .data          0x0207f49c        0x0 d:/devkitpro/devkitarm/bin/../lib/gcc/arm-eabi/4.1.2/../../../../arm-eabi/lib/thumb\libg.a(lib_a-freer.o)
 .data          0x0207f49c        0x0 d:/devkitpro/devkitarm/bin/../lib/gcc/arm-eabi/4.1.2/../../../../arm-eabi/lib/thumb\libg.a(lib_a-fseek.o)
 .data          0x0207f49c        0x0 d:/devkitpro/devkitarm/bin/../lib/gcc/arm-eabi/4.1.2/../../../../arm-eabi/lib/thumb\libg.a(lib_a-ftell.o)
 .data          0x0207f49c        0x0 d:/devkitpro/devkitarm/bin/../lib/gcc/arm-eabi/4.1.2/../../../../arm-eabi/lib/thumb\libg.a(lib_a-fwalk.o)
 .data          0x0207f49c        0x0 d:/devkitpro/devkitarm/bin/../lib/gcc/arm-eabi/4.1.2/../../../../arm-eabi/lib/thumb\libg.a(lib_a-fwrite.o)
 .data          0x0207f49c        0x0 d:/devkitpro/devkitarm/bin/../lib/gcc/arm-eabi/4.1.2/../../../../arm-eabi/lib/thumb\libg.a(lib_a-gmtime.o)
 .data          0x0207f49c        0x0 d:/devkitpro/devkitarm/bin/../lib/gcc/arm-eabi/4.1.2/../../../../arm-eabi/lib/thumb\libg.a(lib_a-gmtime_r.o)
 *fill*         0x0207f49c        0x4 ff
 .data          0x0207f4a0      0x418 d:/devkitpro/devkitarm/bin/../lib/gcc/arm-eabi/4.1.2/../../../../arm-eabi/lib/thumb\libg.a(lib_a-impure.o)
                0x0207f4a0                _impure_ptr
 .data          0x0207f8b8        0x0 d:/devkitpro/devkitarm/bin/../lib/gcc/arm-eabi/4.1.2/../../../../arm-eabi/lib/thumb\libg.a(lib_a-init.o)
 .data          0x0207f8b8        0x0 d:/devkitpro/devkitarm/bin/../lib/gcc/arm-eabi/4.1.2/../../../../arm-eabi/lib/thumb\libg.a(lib_a-makebuf.o)
 .data          0x0207f8b8        0x0 d:/devkitpro/devkitarm/bin/../lib/gcc/arm-eabi/4.1.2/../../../../arm-eabi/lib/thumb\libg.a(lib_a-malloc.o)
 .data          0x0207f8b8      0x410 d:/devkitpro/devkitarm/bin/../lib/gcc/arm-eabi/4.1.2/../../../../arm-eabi/lib/thumb\libg.a(lib_a-mallocr.o)
                0x0207fcc4                __malloc_sbrk_base
                0x0207f8b8                __malloc_av_
                0x0207fcc0                __malloc_trim_threshold
 .data          0x0207fcc8        0x0 d:/devkitpro/devkitarm/bin/../lib/gcc/arm-eabi/4.1.2/../../../../arm-eabi/lib/thumb\libg.a(lib_a-memcpy.o)
 .data          0x0207fcc8        0x0 d:/devkitpro/devkitarm/bin/../lib/gcc/arm-eabi/4.1.2/../../../../arm-eabi/lib/thumb\libg.a(lib_a-memmove.o)
 .data          0x0207fcc8        0x0 d:/devkitpro/devkitarm/bin/../lib/gcc/arm-eabi/4.1.2/../../../../arm-eabi/lib/thumb\libg.a(lib_a-memset.o)
 .data          0x0207fcc8        0x0 d:/devkitpro/devkitarm/bin/../lib/gcc/arm-eabi/4.1.2/../../../../arm-eabi/lib/thumb\libg.a(lib_a-mktime.o)
 .data          0x0207fcc8        0x0 d:/devkitpro/devkitarm/bin/../lib/gcc/arm-eabi/4.1.2/../../../../arm-eabi/lib/thumb\libg.a(lib_a-mktm_r.o)
 .data          0x0207fcc8        0x0 d:/devkitpro/devkitarm/bin/../lib/gcc/arm-eabi/4.1.2/../../../../arm-eabi/lib/thumb\libg.a(lib_a-mlock.o)
 .data          0x0207fcc8        0x0 d:/devkitpro/devkitarm/bin/../lib/gcc/arm-eabi/4.1.2/../../../../arm-eabi/lib/thumb\libg.a(lib_a-refill.o)
 .data          0x0207fcc8        0x0 d:/devkitpro/devkitarm/bin/../lib/gcc/arm-eabi/4.1.2/../../../../arm-eabi/lib/thumb\libg.a(lib_a-sprintf.o)
 .data          0x0207fcc8        0x0 d:/devkitpro/devkitarm/bin/../lib/gcc/arm-eabi/4.1.2/../../../../arm-eabi/lib/thumb\libg.a(lib_a-stdio.o)
 .data          0x0207fcc8        0x0 d:/devkitpro/devkitarm/bin/../lib/gcc/arm-eabi/4.1.2/../../../../arm-eabi/lib/thumb\libg.a(lib_a-strcasecmp.o)
 .data          0x0207fcc8        0x0 d:/devkitpro/devkitarm/bin/../lib/gcc/arm-eabi/4.1.2/../../../../arm-eabi/lib/thumb\libg.a(lib_a-strcat.o)
 .data          0x0207fcc8        0x0 d:/devkitpro/devkitarm/bin/../lib/gcc/arm-eabi/4.1.2/../../../../arm-eabi/lib/thumb\libg.a(lib_a-strchr.o)
 .data          0x0207fcc8        0x0 d:/devkitpro/devkitarm/bin/../lib/gcc/arm-eabi/4.1.2/../../../../arm-eabi/lib/thumb\libg.a(lib_a-strcmp.o)
 .data          0x0207fcc8        0x0 d:/devkitpro/devkitarm/bin/../lib/gcc/arm-eabi/4.1.2/../../../../arm-eabi/lib/thumb\libg.a(lib_a-strcpy.o)
 .data          0x0207fcc8        0x0 d:/devkitpro/devkitarm/bin/../lib/gcc/arm-eabi/4.1.2/../../../../arm-eabi/lib/thumb\libg.a(lib_a-strlen.o)
 .data          0x0207fcc8        0x0 d:/devkitpro/devkitarm/bin/../lib/gcc/arm-eabi/4.1.2/../../../../arm-eabi/lib/thumb\libg.a(lib_a-strncasecmp.o)
 .data          0x0207fcc8        0x0 d:/devkitpro/devkitarm/bin/../lib/gcc/arm-eabi/4.1.2/../../../../arm-eabi/lib/thumb\libg.a(lib_a-strncmp.o)
 .data          0x0207fcc8        0x0 d:/devkitpro/devkitarm/bin/../lib/gcc/arm-eabi/4.1.2/../../../../arm-eabi/lib/thumb\libg.a(lib_a-strncpy.o)
 .data          0x0207fcc8        0x0 d:/devkitpro/devkitarm/bin/../lib/gcc/arm-eabi/4.1.2/../../../../arm-eabi/lib/thumb\libg.a(lib_a-strnlen.o)
 .data          0x0207fcc8        0x0 d:/devkitpro/devkitarm/bin/../lib/gcc/arm-eabi/4.1.2/../../../../arm-eabi/lib/thumb\libg.a(lib_a-strrchr.o)
 .data          0x0207fcc8        0x0 d:/devkitpro/devkitarm/bin/../lib/gcc/arm-eabi/4.1.2/../../../../arm-eabi/lib/thumb\libg.a(lib_a-sysstat.o)
 .data          0x0207fcc8        0x0 d:/devkitpro/devkitarm/bin/../lib/gcc/arm-eabi/4.1.2/../../../../arm-eabi/lib/thumb\libg.a(lib_a-tzlock.o)